0 verbose cli C:\Program Files\nodejs\node.exe C:\Program Files\nodejs\node_modules\npm\bin\npm-cli.js
1 info using npm@10.9.4
2 info using node@v22.21.0
3 silly config load:file:C:\Program Files\nodejs\node_modules\npm\npmrc
4 silly config load:file:C:\Users\exzell\Documents\GitHub\ResearchLab\apps\web\.npmrc
5 silly config load:file:C:\Users\exzell\.npmrc
6 silly config load:file:C:\Users\exzell\AppData\Roaming\npm\etc\npmrc
7 verbose title npm install gsap
8 verbose argv "install" "gsap" "--ignore-scripts"
9 verbose logfile logs-max:10 dir:C:\Users\exzell\Documents\GitHub\ResearchLab\apps\web\.npm-cache\_logs\2026-04-27T02_12_06_356Z-
10 verbose logfile C:\Users\exzell\Documents\GitHub\ResearchLab\apps\web\.npm-cache\_logs\2026-04-27T02_12_06_356Z-debug-0.log
11 silly logfile done cleaning log files
12 silly packumentCache heap:4345298944 maxSize:1086324736 maxEntrySize:543162368
13 silly idealTree buildDeps
14 silly fetch manifest gsap@*
15 silly packumentCache full:https://registry.npmjs.org/gsap cache-miss
16 http cache https://registry.npmjs.org/gsap 11ms (cache hit)
17 silly packumentCache full:https://registry.npmjs.org/gsap set size:244463 disposed:false
18 silly placeDep ROOT gsap@3.15.0 OK for: researchbridge-web@0.1.0 want: *
19 silly reify mark retired [
19 silly reify   'C:\\Users\\exzell\\Documents\\GitHub\\ResearchLab\\apps\\web\\node_modules\\sucrase'
19 silly reify ]
20 silly reify moves {
20 silly reify   'C:\\Users\\exzell\\Documents\\GitHub\\ResearchLab\\apps\\web\\node_modules\\sucrase': 'C:\\Users\\exzell\\Documents\\GitHub\\ResearchLab\\apps\\web\\node_modules\\.sucrase-UTTqooKP'
20 silly reify }
21 silly audit bulk request {
21 silly audit   '@alloc/quick-lru': [ '5.2.0' ],
21 silly audit   '@babel/code-frame': [ '7.29.0' ],
21 silly audit   '@babel/compat-data': [ '7.29.0' ],
21 silly audit   '@babel/core': [ '7.29.0' ],
21 silly audit   '@babel/generator': [ '7.29.1' ],
21 silly audit   '@babel/helper-compilation-targets': [ '7.28.6' ],
21 silly audit   '@babel/helper-globals': [ '7.28.0' ],
21 silly audit   '@babel/helper-module-imports': [ '7.28.6' ],
21 silly audit   '@babel/helper-module-transforms': [ '7.28.6' ],
21 silly audit   '@babel/helper-plugin-utils': [ '7.28.6' ],
21 silly audit   '@babel/helper-string-parser': [ '7.27.1' ],
21 silly audit   '@babel/helper-validator-identifier': [ '7.28.5' ],
21 silly audit   '@babel/helper-validator-option': [ '7.27.1' ],
21 silly audit   '@babel/helpers': [ '7.29.2' ],
21 silly audit   '@babel/parser': [ '7.29.2' ],
21 silly audit   '@babel/plugin-transform-react-jsx-self': [ '7.27.1' ],
21 silly audit   '@babel/plugin-transform-react-jsx-source': [ '7.27.1' ],
21 silly audit   '@babel/template': [ '7.28.6' ],
21 silly audit   '@babel/traverse': [ '7.29.0' ],
21 silly audit   '@babel/types': [ '7.29.0' ],
21 silly audit   '@esbuild/aix-ppc64': [ '0.25.12' ],
21 silly audit   '@esbuild/android-arm': [ '0.25.12' ],
21 silly audit   '@esbuild/android-arm64': [ '0.25.12' ],
21 silly audit   '@esbuild/android-x64': [ '0.25.12' ],
21 silly audit   '@esbuild/darwin-arm64': [ '0.25.12' ],
21 silly audit   '@esbuild/darwin-x64': [ '0.25.12' ],
21 silly audit   '@esbuild/freebsd-arm64': [ '0.25.12' ],
21 silly audit   '@esbuild/freebsd-x64': [ '0.25.12' ],
21 silly audit   '@esbuild/linux-arm': [ '0.25.12' ],
21 silly audit   '@esbuild/linux-arm64': [ '0.25.12' ],
21 silly audit   '@esbuild/linux-ia32': [ '0.25.12' ],
21 silly audit   '@esbuild/linux-loong64': [ '0.25.12' ],
21 silly audit   '@esbuild/linux-mips64el': [ '0.25.12' ],
21 silly audit   '@esbuild/linux-ppc64': [ '0.25.12' ],
21 silly audit   '@esbuild/linux-riscv64': [ '0.25.12' ],
21 silly audit   '@esbuild/linux-s390x': [ '0.25.12' ],
21 silly audit   '@esbuild/linux-x64': [ '0.25.12' ],
21 silly audit   '@esbuild/netbsd-arm64': [ '0.25.12' ],
21 silly audit   '@esbuild/netbsd-x64': [ '0.25.12' ],
21 silly audit   '@esbuild/openbsd-arm64': [ '0.25.12' ],
21 silly audit   '@esbuild/openbsd-x64': [ '0.25.12' ],
21 silly audit   '@esbuild/openharmony-arm64': [ '0.25.12' ],
21 silly audit   '@esbuild/sunos-x64': [ '0.25.12' ],
21 silly audit   '@esbuild/win32-arm64': [ '0.25.12' ],
21 silly audit   '@esbuild/win32-ia32': [ '0.25.12' ],
21 silly audit   '@esbuild/win32-x64': [ '0.25.12' ],
21 silly audit   '@jridgewell/gen-mapping': [ '0.3.13' ],
21 silly audit   '@jridgewell/remapping': [ '2.3.5' ],
21 silly audit   '@jridgewell/resolve-uri': [ '3.1.2' ],
21 silly audit   '@jridgewell/sourcemap-codec': [ '1.5.5' ],
21 silly audit   '@jridgewell/trace-mapping': [ '0.3.31' ],
21 silly audit   '@nodelib/fs.scandir': [ '2.1.5' ],
21 silly audit   '@nodelib/fs.stat': [ '2.0.5' ],
21 silly audit   '@nodelib/fs.walk': [ '1.2.8' ],
21 silly audit   '@remix-run/router': [ '1.23.2' ],
21 silly audit   '@rolldown/pluginutils': [ '1.0.0-beta.27' ],
21 silly audit   '@rollup/rollup-android-arm-eabi': [ '4.60.1' ],
21 silly audit   '@rollup/rollup-android-arm64': [ '4.60.1' ],
21 silly audit   '@rollup/rollup-darwin-arm64': [ '4.60.1' ],
21 silly audit   '@rollup/rollup-darwin-x64': [ '4.60.1' ],
21 silly audit   '@rollup/rollup-freebsd-arm64': [ '4.60.1' ],
21 silly audit   '@rollup/rollup-freebsd-x64': [ '4.60.1' ],
21 silly audit   '@rollup/rollup-linux-arm-gnueabihf': [ '4.60.1' ],
21 silly audit   '@rollup/rollup-linux-arm-musleabihf': [ '4.60.1' ],
21 silly audit   '@rollup/rollup-linux-arm64-gnu': [ '4.60.1' ],
21 silly audit   '@rollup/rollup-linux-arm64-musl': [ '4.60.1' ],
21 silly audit   '@rollup/rollup-linux-loong64-gnu': [ '4.60.1' ],
21 silly audit   '@rollup/rollup-linux-loong64-musl': [ '4.60.1' ],
21 silly audit   '@rollup/rollup-linux-ppc64-gnu': [ '4.60.1' ],
21 silly audit   '@rollup/rollup-linux-ppc64-musl': [ '4.60.1' ],
21 silly audit   '@rollup/rollup-linux-riscv64-gnu': [ '4.60.1' ],
21 silly audit   '@rollup/rollup-linux-riscv64-musl': [ '4.60.1' ],
21 silly audit   '@rollup/rollup-linux-s390x-gnu': [ '4.60.1' ],
21 silly audit   '@rollup/rollup-linux-x64-gnu': [ '4.60.1' ],
21 silly audit   '@rollup/rollup-linux-x64-musl': [ '4.60.1' ],
21 silly audit   '@rollup/rollup-openbsd-x64': [ '4.60.1' ],
21 silly audit   '@rollup/rollup-openharmony-arm64': [ '4.60.1' ],
21 silly audit   '@rollup/rollup-win32-arm64-msvc': [ '4.60.1' ],
21 silly audit   '@rollup/rollup-win32-ia32-msvc': [ '4.60.1' ],
21 silly audit   '@rollup/rollup-win32-x64-gnu': [ '4.60.1' ],
21 silly audit   '@rollup/rollup-win32-x64-msvc': [ '4.60.1' ],
21 silly audit   '@types/babel__core': [ '7.20.5' ],
21 silly audit   '@types/babel__generator': [ '7.27.0' ],
21 silly audit   '@types/babel__template': [ '7.4.4' ],
21 silly audit   '@types/babel__traverse': [ '7.28.0' ],
21 silly audit   '@types/estree': [ '1.0.8' ],
21 silly audit   '@types/prop-types': [ '15.7.15' ],
21 silly audit   '@types/react': [ '18.3.28' ],
21 silly audit   '@types/react-dom': [ '18.3.7' ],
21 silly audit   '@vitejs/plugin-react': [ '4.7.0' ],
21 silly audit   'any-promise': [ '1.3.0' ],
21 silly audit   anymatch: [ '3.1.3' ],
21 silly audit   arg: [ '5.0.2' ],
21 silly audit   autoprefixer: [ '10.4.27' ],
21 silly audit   'baseline-browser-mapping': [ '2.10.18' ],
21 silly audit   'binary-extensions': [ '2.3.0' ],
21 silly audit   braces: [ '3.0.3' ],
21 silly audit   browserslist: [ '4.28.2' ],
21 silly audit   'camelcase-css': [ '2.0.1' ],
21 silly audit   'caniuse-lite': [ '1.0.30001787' ],
21 silly audit   chokidar: [ '3.6.0' ],
21 silly audit   'glob-parent': [ '5.1.2', '6.0.2' ],
21 silly audit   commander: [ '4.1.1' ],
21 silly audit   'convert-source-map': [ '2.0.0' ],
21 silly audit   cssesc: [ '3.0.0' ],
21 silly audit   csstype: [ '3.2.3' ],
21 silly audit   debug: [ '4.4.3' ],
21 silly audit   didyoumean: [ '1.2.2' ],
21 silly audit   dlv: [ '1.1.3' ],
21 silly audit   'electron-to-chromium': [ '1.5.335' ],
21 silly audit   'es-errors': [ '1.3.0' ],
21 silly audit   esbuild: [ '0.25.12' ],
21 silly audit   escalade: [ '3.2.0' ],
21 silly audit   'fast-glob': [ '3.3.3' ],
21 silly audit   fastq: [ '1.20.1' ],
21 silly audit   'fill-range': [ '7.1.1' ],
21 silly audit   'fraction.js': [ '5.3.4' ],
21 silly audit   fsevents: [ '2.3.3' ],
21 silly audit   'function-bind': [ '1.1.2' ],
21 silly audit   gensync: [ '1.0.0-beta.2' ],
21 silly audit   hasown: [ '2.0.2' ],
21 silly audit   'is-binary-path': [ '2.1.0' ],
21 silly audit   'is-core-module': [ '2.16.1' ],
21 silly audit   'is-extglob': [ '2.1.1' ],
21 silly audit   'is-glob': [ '4.0.3' ],
21 silly audit   'is-number': [ '7.0.0' ],
21 silly audit   jiti: [ '1.21.7' ],
21 silly audit   'js-tokens': [ '4.0.0' ],
21 silly audit   jsesc: [ '3.1.0' ],
21 silly audit   json5: [ '2.2.3' ],
21 silly audit   lilconfig: [ '3.1.3' ],
21 silly audit   'lines-and-columns': [ '1.2.4' ],
21 silly audit   'loose-envify': [ '1.4.0' ],
21 silly audit   'lru-cache': [ '5.1.1' ],
21 silly audit   merge2: [ '1.4.1' ],
21 silly audit   micromatch: [ '4.0.8' ],
21 silly audit   ms: [ '2.1.3' ],
21 silly audit   mz: [ '2.7.0' ],
21 silly audit   nanoid: [ '3.3.11' ],
21 silly audit   'node-releases': [ '2.0.37' ],
21 silly audit   'normalize-path': [ '3.0.0' ],
21 silly audit   'object-assign': [ '4.1.1' ],
21 silly audit   'object-hash': [ '3.0.0' ],
21 silly audit   'path-parse': [ '1.0.7' ],
21 silly audit   picocolors: [ '1.1.1' ],
21 silly audit   picomatch: [ '2.3.2', '4.0.4' ],
21 silly audit   pify: [ '2.3.0' ],
21 silly audit   pirates: [ '4.0.7' ],
21 silly audit   postcss: [ '8.5.9' ],
21 silly audit   'postcss-import': [ '15.1.0' ],
21 silly audit   'postcss-js': [ '4.1.0' ],
21 silly audit   'postcss-load-config': [ '6.0.1' ],
21 silly audit   'postcss-nested': [ '6.2.0' ],
21 silly audit   'postcss-selector-parser': [ '6.1.2' ],
21 silly audit   'postcss-value-parser': [ '4.2.0' ],
21 silly audit   'queue-microtask': [ '1.2.3' ],
21 silly audit   react: [ '18.3.1' ],
21 silly audit   'react-dom': [ '18.3.1' ],
21 silly audit   'react-refresh': [ '0.17.0' ],
21 silly audit   'react-router': [ '6.30.3' ],
21 silly audit   'react-router-dom': [ '6.30.3' ],
21 silly audit   'read-cache': [ '1.0.0' ],
21 silly audit   readdirp: [ '3.6.0' ],
21 silly audit   resolve: [ '1.22.12' ],
21 silly audit   reusify: [ '1.1.0' ],
21 silly audit   rollup: [ '4.60.1' ],
21 silly audit   'run-parallel': [ '1.2.0' ],
21 silly audit   scheduler: [ '0.23.2' ],
21 silly audit   semver: [ '6.3.1' ],
21 silly audit   'source-map-js': [ '1.2.1' ],
21 silly audit   sucrase: [ '3.35.1' ],
21 silly audit   'supports-preserve-symlinks-flag': [ '1.0.0' ],
21 silly audit   tailwindcss: [ '3.4.19' ],
21 silly audit   thenify: [ '3.3.1' ],
21 silly audit   'thenify-all': [ '1.6.0' ],
21 silly audit   tinyglobby: [ '0.2.16' ],
21 silly audit   fdir: [ '6.5.0' ],
21 silly audit   'to-regex-range': [ '5.0.1' ],
21 silly audit   'ts-interface-checker': [ '0.1.13' ],
21 silly audit   typescript: [ '5.9.3' ],
21 silly audit   'update-browserslist-db': [ '1.2.3' ],
21 silly audit   'util-deprecate': [ '1.0.2' ],
21 silly audit   vite: [ '6.4.2' ],
21 silly audit   yallist: [ '3.1.1' ],
21 silly audit   gsap: [ '3.15.0' ]
21 silly audit }
22 verbose reify failed optional dependency C:\Users\exzell\Documents\GitHub\ResearchLab\apps\web\node_modules\fsevents
23 silly reify mark deleted [
23 silly reify   'C:\\Users\\exzell\\Documents\\GitHub\\ResearchLab\\apps\\web\\node_modules\\fsevents'
23 silly reify ]
24 verbose reify failed optional dependency C:\Users\exzell\Documents\GitHub\ResearchLab\apps\web\node_modules\@rollup\rollup-win32-ia32-msvc
25 silly reify mark deleted [
25 silly reify   'C:\\Users\\exzell\\Documents\\GitHub\\ResearchLab\\apps\\web\\node_modules\\@rollup\\rollup-win32-ia32-msvc'
25 silly reify ]
26 verbose reify failed optional dependency C:\Users\exzell\Documents\GitHub\ResearchLab\apps\web\node_modules\@rollup\rollup-win32-arm64-msvc
27 silly reify mark deleted [
27 silly reify   'C:\\Users\\exzell\\Documents\\GitHub\\ResearchLab\\apps\\web\\node_modules\\@rollup\\rollup-win32-arm64-msvc'
27 silly reify ]
28 verbose reify failed optional dependency C:\Users\exzell\Documents\GitHub\ResearchLab\apps\web\node_modules\@rollup\rollup-openharmony-arm64
29 silly reify mark deleted [
29 silly reify   'C:\\Users\\exzell\\Documents\\GitHub\\ResearchLab\\apps\\web\\node_modules\\@rollup\\rollup-openharmony-arm64'
29 silly reify ]
30 verbose reify failed optional dependency C:\Users\exzell\Documents\GitHub\ResearchLab\apps\web\node_modules\@rollup\rollup-openbsd-x64
31 silly reify mark deleted [
31 silly reify   'C:\\Users\\exzell\\Documents\\GitHub\\ResearchLab\\apps\\web\\node_modules\\@rollup\\rollup-openbsd-x64'
31 silly reify ]
32 verbose reify failed optional dependency C:\Users\exzell\Documents\GitHub\ResearchLab\apps\web\node_modules\@rollup\rollup-linux-x64-musl
33 silly reify mark deleted [
33 silly reify   'C:\\Users\\exzell\\Documents\\GitHub\\ResearchLab\\apps\\web\\node_modules\\@rollup\\rollup-linux-x64-musl'
33 silly reify ]
34 verbose reify failed optional dependency C:\Users\exzell\Documents\GitHub\ResearchLab\apps\web\node_modules\@rollup\rollup-linux-x64-gnu
35 silly reify mark deleted [
35 silly reify   'C:\\Users\\exzell\\Documents\\GitHub\\ResearchLab\\apps\\web\\node_modules\\@rollup\\rollup-linux-x64-gnu'
35 silly reify ]
36 verbose reify failed optional dependency C:\Users\exzell\Documents\GitHub\ResearchLab\apps\web\node_modules\@rollup\rollup-linux-s390x-gnu
37 silly reify mark deleted [
37 silly reify   'C:\\Users\\exzell\\Documents\\GitHub\\ResearchLab\\apps\\web\\node_modules\\@rollup\\rollup-linux-s390x-gnu'
37 silly reify ]
38 verbose reify failed optional dependency C:\Users\exzell\Documents\GitHub\ResearchLab\apps\web\node_modules\@rollup\rollup-linux-riscv64-musl
39 silly reify mark deleted [
39 silly reify   'C:\\Users\\exzell\\Documents\\GitHub\\ResearchLab\\apps\\web\\node_modules\\@rollup\\rollup-linux-riscv64-musl'
39 silly reify ]
40 verbose reify failed optional dependency C:\Users\exzell\Documents\GitHub\ResearchLab\apps\web\node_modules\@rollup\rollup-linux-riscv64-gnu
41 silly reify mark deleted [
41 silly reify   'C:\\Users\\exzell\\Documents\\GitHub\\ResearchLab\\apps\\web\\node_modules\\@rollup\\rollup-linux-riscv64-gnu'
41 silly reify ]
42 verbose reify failed optional dependency C:\Users\exzell\Documents\GitHub\ResearchLab\apps\web\node_modules\@rollup\rollup-linux-ppc64-musl
43 silly reify mark deleted [
43 silly reify   'C:\\Users\\exzell\\Documents\\GitHub\\ResearchLab\\apps\\web\\node_modules\\@rollup\\rollup-linux-ppc64-musl'
43 silly reify ]
44 verbose reify failed optional dependency C:\Users\exzell\Documents\GitHub\ResearchLab\apps\web\node_modules\@rollup\rollup-linux-ppc64-gnu
45 silly reify mark deleted [
45 silly reify   'C:\\Users\\exzell\\Documents\\GitHub\\ResearchLab\\apps\\web\\node_modules\\@rollup\\rollup-linux-ppc64-gnu'
45 silly reify ]
46 verbose reify failed optional dependency C:\Users\exzell\Documents\GitHub\ResearchLab\apps\web\node_modules\@rollup\rollup-linux-loong64-musl
47 silly reify mark deleted [
47 silly reify   'C:\\Users\\exzell\\Documents\\GitHub\\ResearchLab\\apps\\web\\node_modules\\@rollup\\rollup-linux-loong64-musl'
47 silly reify ]
48 verbose reify failed optional dependency C:\Users\exzell\Documents\GitHub\ResearchLab\apps\web\node_modules\@rollup\rollup-linux-loong64-gnu
49 silly reify mark deleted [
49 silly reify   'C:\\Users\\exzell\\Documents\\GitHub\\ResearchLab\\apps\\web\\node_modules\\@rollup\\rollup-linux-loong64-gnu'
49 silly reify ]
50 verbose reify failed optional dependency C:\Users\exzell\Documents\GitHub\ResearchLab\apps\web\node_modules\@rollup\rollup-linux-arm64-musl
51 silly reify mark deleted [
51 silly reify   'C:\\Users\\exzell\\Documents\\GitHub\\ResearchLab\\apps\\web\\node_modules\\@rollup\\rollup-linux-arm64-musl'
51 silly reify ]
52 verbose reify failed optional dependency C:\Users\exzell\Documents\GitHub\ResearchLab\apps\web\node_modules\@rollup\rollup-linux-arm64-gnu
53 silly reify mark deleted [
53 silly reify   'C:\\Users\\exzell\\Documents\\GitHub\\ResearchLab\\apps\\web\\node_modules\\@rollup\\rollup-linux-arm64-gnu'
53 silly reify ]
54 verbose reify failed optional dependency C:\Users\exzell\Documents\GitHub\ResearchLab\apps\web\node_modules\@rollup\rollup-linux-arm-musleabihf
55 silly reify mark deleted [
55 silly reify   'C:\\Users\\exzell\\Documents\\GitHub\\ResearchLab\\apps\\web\\node_modules\\@rollup\\rollup-linux-arm-musleabihf'
55 silly reify ]
56 verbose reify failed optional dependency C:\Users\exzell\Documents\GitHub\ResearchLab\apps\web\node_modules\@rollup\rollup-linux-arm-gnueabihf
57 silly reify mark deleted [
57 silly reify   'C:\\Users\\exzell\\Documents\\GitHub\\ResearchLab\\apps\\web\\node_modules\\@rollup\\rollup-linux-arm-gnueabihf'
57 silly reify ]
58 verbose reify failed optional dependency C:\Users\exzell\Documents\GitHub\ResearchLab\apps\web\node_modules\@rollup\rollup-freebsd-x64
59 silly reify mark deleted [
59 silly reify   'C:\\Users\\exzell\\Documents\\GitHub\\ResearchLab\\apps\\web\\node_modules\\@rollup\\rollup-freebsd-x64'
59 silly reify ]
60 verbose reify failed optional dependency C:\Users\exzell\Documents\GitHub\ResearchLab\apps\web\node_modules\@rollup\rollup-freebsd-arm64
61 silly reify mark deleted [
61 silly reify   'C:\\Users\\exzell\\Documents\\GitHub\\ResearchLab\\apps\\web\\node_modules\\@rollup\\rollup-freebsd-arm64'
61 silly reify ]
62 verbose reify failed optional dependency C:\Users\exzell\Documents\GitHub\ResearchLab\apps\web\node_modules\@rollup\rollup-darwin-x64
63 silly reify mark deleted [
63 silly reify   'C:\\Users\\exzell\\Documents\\GitHub\\ResearchLab\\apps\\web\\node_modules\\@rollup\\rollup-darwin-x64'
63 silly reify ]
64 verbose reify failed optional dependency C:\Users\exzell\Documents\GitHub\ResearchLab\apps\web\node_modules\@rollup\rollup-darwin-arm64
65 silly reify mark deleted [
65 silly reify   'C:\\Users\\exzell\\Documents\\GitHub\\ResearchLab\\apps\\web\\node_modules\\@rollup\\rollup-darwin-arm64'
65 silly reify ]
66 verbose reify failed optional dependency C:\Users\exzell\Documents\GitHub\ResearchLab\apps\web\node_modules\@rollup\rollup-android-arm64
67 silly reify mark deleted [
67 silly reify   'C:\\Users\\exzell\\Documents\\GitHub\\ResearchLab\\apps\\web\\node_modules\\@rollup\\rollup-android-arm64'
67 silly reify ]
68 verbose reify failed optional dependency C:\Users\exzell\Documents\GitHub\ResearchLab\apps\web\node_modules\@rollup\rollup-android-arm-eabi
69 silly reify mark deleted [
69 silly reify   'C:\\Users\\exzell\\Documents\\GitHub\\ResearchLab\\apps\\web\\node_modules\\@rollup\\rollup-android-arm-eabi'
69 silly reify ]
70 verbose reify failed optional dependency C:\Users\exzell\Documents\GitHub\ResearchLab\apps\web\node_modules\@esbuild\win32-ia32
71 silly reify mark deleted [
71 silly reify   'C:\\Users\\exzell\\Documents\\GitHub\\ResearchLab\\apps\\web\\node_modules\\@esbuild\\win32-ia32'
71 silly reify ]
72 verbose reify failed optional dependency C:\Users\exzell\Documents\GitHub\ResearchLab\apps\web\node_modules\@esbuild\win32-arm64
73 silly reify mark deleted [
73 silly reify   'C:\\Users\\exzell\\Documents\\GitHub\\ResearchLab\\apps\\web\\node_modules\\@esbuild\\win32-arm64'
73 silly reify ]
74 verbose reify failed optional dependency C:\Users\exzell\Documents\GitHub\ResearchLab\apps\web\node_modules\@esbuild\sunos-x64
75 silly reify mark deleted [
75 silly reify   'C:\\Users\\exzell\\Documents\\GitHub\\ResearchLab\\apps\\web\\node_modules\\@esbuild\\sunos-x64'
75 silly reify ]
76 verbose reify failed optional dependency C:\Users\exzell\Documents\GitHub\ResearchLab\apps\web\node_modules\@esbuild\openharmony-arm64
77 silly reify mark deleted [
77 silly reify   'C:\\Users\\exzell\\Documents\\GitHub\\ResearchLab\\apps\\web\\node_modules\\@esbuild\\openharmony-arm64'
77 silly reify ]
78 verbose reify failed optional dependency C:\Users\exzell\Documents\GitHub\ResearchLab\apps\web\node_modules\@esbuild\openbsd-x64
79 silly reify mark deleted [
79 silly reify   'C:\\Users\\exzell\\Documents\\GitHub\\ResearchLab\\apps\\web\\node_modules\\@esbuild\\openbsd-x64'
79 silly reify ]
80 verbose reify failed optional dependency C:\Users\exzell\Documents\GitHub\ResearchLab\apps\web\node_modules\@esbuild\openbsd-arm64
81 silly reify mark deleted [
81 silly reify   'C:\\Users\\exzell\\Documents\\GitHub\\ResearchLab\\apps\\web\\node_modules\\@esbuild\\openbsd-arm64'
81 silly reify ]
82 verbose reify failed optional dependency C:\Users\exzell\Documents\GitHub\ResearchLab\apps\web\node_modules\@esbuild\netbsd-x64
83 silly reify mark deleted [
83 silly reify   'C:\\Users\\exzell\\Documents\\GitHub\\ResearchLab\\apps\\web\\node_modules\\@esbuild\\netbsd-x64'
83 silly reify ]
84 verbose reify failed optional dependency C:\Users\exzell\Documents\GitHub\ResearchLab\apps\web\node_modules\@esbuild\netbsd-arm64
85 silly reify mark deleted [
85 silly reify   'C:\\Users\\exzell\\Documents\\GitHub\\ResearchLab\\apps\\web\\node_modules\\@esbuild\\netbsd-arm64'
85 silly reify ]
86 verbose reify failed optional dependency C:\Users\exzell\Documents\GitHub\ResearchLab\apps\web\node_modules\@esbuild\linux-x64
87 silly reify mark deleted [
87 silly reify   'C:\\Users\\exzell\\Documents\\GitHub\\ResearchLab\\apps\\web\\node_modules\\@esbuild\\linux-x64'
87 silly reify ]
88 verbose reify failed optional dependency C:\Users\exzell\Documents\GitHub\ResearchLab\apps\web\node_modules\@esbuild\linux-s390x
89 silly reify mark deleted [
89 silly reify   'C:\\Users\\exzell\\Documents\\GitHub\\ResearchLab\\apps\\web\\node_modules\\@esbuild\\linux-s390x'
89 silly reify ]
90 verbose reify failed optional dependency C:\Users\exzell\Documents\GitHub\ResearchLab\apps\web\node_modules\@esbuild\linux-riscv64
91 silly reify mark deleted [
91 silly reify   'C:\\Users\\exzell\\Documents\\GitHub\\ResearchLab\\apps\\web\\node_modules\\@esbuild\\linux-riscv64'
91 silly reify ]
92 verbose reify failed optional dependency C:\Users\exzell\Documents\GitHub\ResearchLab\apps\web\node_modules\@esbuild\linux-ppc64
93 silly reify mark deleted [
93 silly reify   'C:\\Users\\exzell\\Documents\\GitHub\\ResearchLab\\apps\\web\\node_modules\\@esbuild\\linux-ppc64'
93 silly reify ]
94 verbose reify failed optional dependency C:\Users\exzell\Documents\GitHub\ResearchLab\apps\web\node_modules\@esbuild\linux-mips64el
95 silly reify mark deleted [
95 silly reify   'C:\\Users\\exzell\\Documents\\GitHub\\ResearchLab\\apps\\web\\node_modules\\@esbuild\\linux-mips64el'
95 silly reify ]
96 verbose reify failed optional dependency C:\Users\exzell\Documents\GitHub\ResearchLab\apps\web\node_modules\@esbuild\linux-loong64
97 silly reify mark deleted [
97 silly reify   'C:\\Users\\exzell\\Documents\\GitHub\\ResearchLab\\apps\\web\\node_modules\\@esbuild\\linux-loong64'
97 silly reify ]
98 verbose reify failed optional dependency C:\Users\exzell\Documents\GitHub\ResearchLab\apps\web\node_modules\@esbuild\linux-ia32
99 silly reify mark deleted [
99 silly reify   'C:\\Users\\exzell\\Documents\\GitHub\\ResearchLab\\apps\\web\\node_modules\\@esbuild\\linux-ia32'
99 silly reify ]
100 verbose reify failed optional dependency C:\Users\exzell\Documents\GitHub\ResearchLab\apps\web\node_modules\@esbuild\linux-arm64
101 silly reify mark deleted [
101 silly reify   'C:\\Users\\exzell\\Documents\\GitHub\\ResearchLab\\apps\\web\\node_modules\\@esbuild\\linux-arm64'
101 silly reify ]
102 verbose reify failed optional dependency C:\Users\exzell\Documents\GitHub\ResearchLab\apps\web\node_modules\@esbuild\linux-arm
103 silly reify mark deleted [
103 silly reify   'C:\\Users\\exzell\\Documents\\GitHub\\ResearchLab\\apps\\web\\node_modules\\@esbuild\\linux-arm'
103 silly reify ]
104 verbose reify failed optional dependency C:\Users\exzell\Documents\GitHub\ResearchLab\apps\web\node_modules\@esbuild\freebsd-x64
105 silly reify mark deleted [
105 silly reify   'C:\\Users\\exzell\\Documents\\GitHub\\ResearchLab\\apps\\web\\node_modules\\@esbuild\\freebsd-x64'
105 silly reify ]
106 verbose reify failed optional dependency C:\Users\exzell\Documents\GitHub\ResearchLab\apps\web\node_modules\@esbuild\freebsd-arm64
107 silly reify mark deleted [
107 silly reify   'C:\\Users\\exzell\\Documents\\GitHub\\ResearchLab\\apps\\web\\node_modules\\@esbuild\\freebsd-arm64'
107 silly reify ]
108 verbose reify failed optional dependency C:\Users\exzell\Documents\GitHub\ResearchLab\apps\web\node_modules\@esbuild\darwin-x64
109 silly reify mark deleted [
109 silly reify   'C:\\Users\\exzell\\Documents\\GitHub\\ResearchLab\\apps\\web\\node_modules\\@esbuild\\darwin-x64'
109 silly reify ]
110 verbose reify failed optional dependency C:\Users\exzell\Documents\GitHub\ResearchLab\apps\web\node_modules\@esbuild\darwin-arm64
111 silly reify mark deleted [
111 silly reify   'C:\\Users\\exzell\\Documents\\GitHub\\ResearchLab\\apps\\web\\node_modules\\@esbuild\\darwin-arm64'
111 silly reify ]
112 verbose reify failed optional dependency C:\Users\exzell\Documents\GitHub\ResearchLab\apps\web\node_modules\@esbuild\android-x64
113 silly reify mark deleted [
113 silly reify   'C:\\Users\\exzell\\Documents\\GitHub\\ResearchLab\\apps\\web\\node_modules\\@esbuild\\android-x64'
113 silly reify ]
114 verbose reify failed optional dependency C:\Users\exzell\Documents\GitHub\ResearchLab\apps\web\node_modules\@esbuild\android-arm64
115 silly reify mark deleted [
115 silly reify   'C:\\Users\\exzell\\Documents\\GitHub\\ResearchLab\\apps\\web\\node_modules\\@esbuild\\android-arm64'
115 silly reify ]
116 verbose reify failed optional dependency C:\Users\exzell\Documents\GitHub\ResearchLab\apps\web\node_modules\@esbuild\android-arm
117 silly reify mark deleted [
117 silly reify   'C:\\Users\\exzell\\Documents\\GitHub\\ResearchLab\\apps\\web\\node_modules\\@esbuild\\android-arm'
117 silly reify ]
118 verbose reify failed optional dependency C:\Users\exzell\Documents\GitHub\ResearchLab\apps\web\node_modules\@esbuild\aix-ppc64
119 silly reify mark deleted [
119 silly reify   'C:\\Users\\exzell\\Documents\\GitHub\\ResearchLab\\apps\\web\\node_modules\\@esbuild\\aix-ppc64'
119 silly reify ]
120 http cache gsap@https://registry.npmjs.org/gsap/-/gsap-3.15.0.tgz 0ms (cache hit)
121 http cache yallist@https://registry.npmjs.org/yallist/-/yallist-3.1.1.tgz 0ms (cache hit)
122 http cache util-deprecate@https://registry.npmjs.org/util-deprecate/-/util-deprecate-1.0.2.tgz 0ms (cache hit)
123 http cache typescript@https://registry.npmjs.org/typescript/-/typescript-5.9.3.tgz 0ms (cache hit)
124 http cache vite@https://registry.npmjs.org/vite/-/vite-6.4.2.tgz 0ms (cache hit)
125 http cache update-browserslist-db@https://registry.npmjs.org/update-browserslist-db/-/update-browserslist-db-1.2.3.tgz 0ms (cache hit)
126 http cache ts-interface-checker@https://registry.npmjs.org/ts-interface-checker/-/ts-interface-checker-0.1.13.tgz 0ms (cache hit)
127 http cache to-regex-range@https://registry.npmjs.org/to-regex-range/-/to-regex-range-5.0.1.tgz 0ms (cache hit)
128 http cache tinyglobby@https://registry.npmjs.org/tinyglobby/-/tinyglobby-0.2.16.tgz 0ms (cache hit)
129 http cache thenify-all@https://registry.npmjs.org/thenify-all/-/thenify-all-1.6.0.tgz 0ms (cache hit)
130 http cache thenify@https://registry.npmjs.org/thenify/-/thenify-3.3.1.tgz 0ms (cache hit)
131 http cache supports-preserve-symlinks-flag@https://registry.npmjs.org/supports-preserve-symlinks-flag/-/supports-preserve-symlinks-flag-1.0.0.tgz 0ms (cache hit)
132 http cache source-map-js@https://registry.npmjs.org/source-map-js/-/source-map-js-1.2.1.tgz 0ms (cache hit)
133 http cache tailwindcss@https://registry.npmjs.org/tailwindcss/-/tailwindcss-3.4.19.tgz 0ms (cache hit)
134 http cache semver@https://registry.npmjs.org/semver/-/semver-6.3.1.tgz 0ms (cache hit)
135 http cache scheduler@https://registry.npmjs.org/scheduler/-/scheduler-0.23.2.tgz 0ms (cache hit)
136 http cache run-parallel@https://registry.npmjs.org/run-parallel/-/run-parallel-1.2.0.tgz 0ms (cache hit)
137 http cache rollup@https://registry.npmjs.org/rollup/-/rollup-4.60.1.tgz 0ms (cache hit)
138 http cache resolve@https://registry.npmjs.org/resolve/-/resolve-1.22.12.tgz 0ms (cache hit)
139 http cache readdirp@https://registry.npmjs.org/readdirp/-/readdirp-3.6.0.tgz 0ms (cache hit)
140 http cache reusify@https://registry.npmjs.org/reusify/-/reusify-1.1.0.tgz 0ms (cache hit)
141 http cache read-cache@https://registry.npmjs.org/read-cache/-/read-cache-1.0.0.tgz 0ms (cache hit)
142 http cache react-router@https://registry.npmjs.org/react-router/-/react-router-6.30.3.tgz 0ms (cache hit)
143 http cache react-refresh@https://registry.npmjs.org/react-refresh/-/react-refresh-0.17.0.tgz 0ms (cache hit)
144 http cache react-dom@https://registry.npmjs.org/react-dom/-/react-dom-18.3.1.tgz 0ms (cache hit)
145 http cache react@https://registry.npmjs.org/react/-/react-18.3.1.tgz 0ms (cache hit)
146 http cache react-router-dom@https://registry.npmjs.org/react-router-dom/-/react-router-dom-6.30.3.tgz 0ms (cache hit)
147 http cache queue-microtask@https://registry.npmjs.org/queue-microtask/-/queue-microtask-1.2.3.tgz 0ms (cache hit)
148 http cache postcss-value-parser@https://registry.npmjs.org/postcss-value-parser/-/postcss-value-parser-4.2.0.tgz 0ms (cache hit)
149 http cache postcss-selector-parser@https://registry.npmjs.org/postcss-selector-parser/-/postcss-selector-parser-6.1.2.tgz 0ms (cache hit)
150 http cache postcss-nested@https://registry.npmjs.org/postcss-nested/-/postcss-nested-6.2.0.tgz 0ms (cache hit)
151 http cache postcss-load-config@https://registry.npmjs.org/postcss-load-config/-/postcss-load-config-6.0.1.tgz 0ms (cache hit)
152 http cache postcss-js@https://registry.npmjs.org/postcss-js/-/postcss-js-4.1.0.tgz 0ms (cache hit)
153 http cache postcss-import@https://registry.npmjs.org/postcss-import/-/postcss-import-15.1.0.tgz 0ms (cache hit)
154 http cache postcss@https://registry.npmjs.org/postcss/-/postcss-8.5.9.tgz 0ms (cache hit)
155 http cache pirates@https://registry.npmjs.org/pirates/-/pirates-4.0.7.tgz 0ms (cache hit)
156 http cache picomatch@https://registry.npmjs.org/picomatch/-/picomatch-2.3.2.tgz 0ms (cache hit)
157 http cache picocolors@https://registry.npmjs.org/picocolors/-/picocolors-1.1.1.tgz 0ms (cache hit)
158 http cache path-parse@https://registry.npmjs.org/path-parse/-/path-parse-1.0.7.tgz 0ms (cache hit)
159 http cache object-hash@https://registry.npmjs.org/object-hash/-/object-hash-3.0.0.tgz 0ms (cache hit)
160 http cache normalize-path@https://registry.npmjs.org/normalize-path/-/normalize-path-3.0.0.tgz 0ms (cache hit)
161 http cache pify@https://registry.npmjs.org/pify/-/pify-2.3.0.tgz 0ms (cache hit)
162 http cache object-assign@https://registry.npmjs.org/object-assign/-/object-assign-4.1.1.tgz 0ms (cache hit)
163 http cache nanoid@https://registry.npmjs.org/nanoid/-/nanoid-3.3.11.tgz 0ms (cache hit)
164 http cache node-releases@https://registry.npmjs.org/node-releases/-/node-releases-2.0.37.tgz 0ms (cache hit)
165 http cache mz@https://registry.npmjs.org/mz/-/mz-2.7.0.tgz 0ms (cache hit)
166 http cache ms@https://registry.npmjs.org/ms/-/ms-2.1.3.tgz 0ms (cache hit)
167 http cache micromatch@https://registry.npmjs.org/micromatch/-/micromatch-4.0.8.tgz 0ms (cache hit)
168 http cache merge2@https://registry.npmjs.org/merge2/-/merge2-1.4.1.tgz 0ms (cache hit)
169 http cache lru-cache@https://registry.npmjs.org/lru-cache/-/lru-cache-5.1.1.tgz 0ms (cache hit)
170 http cache loose-envify@https://registry.npmjs.org/loose-envify/-/loose-envify-1.4.0.tgz 0ms (cache hit)
171 http cache lines-and-columns@https://registry.npmjs.org/lines-and-columns/-/lines-and-columns-1.2.4.tgz 0ms (cache hit)
172 http cache lilconfig@https://registry.npmjs.org/lilconfig/-/lilconfig-3.1.3.tgz 0ms (cache hit)
173 http cache json5@https://registry.npmjs.org/json5/-/json5-2.2.3.tgz 0ms (cache hit)
174 http cache jsesc@https://registry.npmjs.org/jsesc/-/jsesc-3.1.0.tgz 0ms (cache hit)
175 http cache js-tokens@https://registry.npmjs.org/js-tokens/-/js-tokens-4.0.0.tgz 0ms (cache hit)
176 http cache is-glob@https://registry.npmjs.org/is-glob/-/is-glob-4.0.3.tgz 0ms (cache hit)
177 http cache is-number@https://registry.npmjs.org/is-number/-/is-number-7.0.0.tgz 0ms (cache hit)
178 http cache jiti@https://registry.npmjs.org/jiti/-/jiti-1.21.7.tgz 0ms (cache hit)
179 http cache is-extglob@https://registry.npmjs.org/is-extglob/-/is-extglob-2.1.1.tgz 0ms (cache hit)
180 http cache is-core-module@https://registry.npmjs.org/is-core-module/-/is-core-module-2.16.1.tgz 0ms (cache hit)
181 http cache hasown@https://registry.npmjs.org/hasown/-/hasown-2.0.2.tgz 0ms (cache hit)
182 http cache is-binary-path@https://registry.npmjs.org/is-binary-path/-/is-binary-path-2.1.0.tgz 0ms (cache hit)
183 http cache glob-parent@https://registry.npmjs.org/glob-parent/-/glob-parent-6.0.2.tgz 0ms (cache hit)
184 http cache gensync@https://registry.npmjs.org/gensync/-/gensync-1.0.0-beta.2.tgz 0ms (cache hit)
185 http cache function-bind@https://registry.npmjs.org/function-bind/-/function-bind-1.1.2.tgz 0ms (cache hit)
186 http cache fraction.js@https://registry.npmjs.org/fraction.js/-/fraction.js-5.3.4.tgz 0ms (cache hit)
187 http cache fastq@https://registry.npmjs.org/fastq/-/fastq-1.20.1.tgz 0ms (cache hit)
188 http cache fill-range@https://registry.npmjs.org/fill-range/-/fill-range-7.1.1.tgz 0ms (cache hit)
189 http cache escalade@https://registry.npmjs.org/escalade/-/escalade-3.2.0.tgz 0ms (cache hit)
190 http cache fast-glob@https://registry.npmjs.org/fast-glob/-/fast-glob-3.3.3.tgz 0ms (cache hit)
191 http cache esbuild@https://registry.npmjs.org/esbuild/-/esbuild-0.25.12.tgz 0ms (cache hit)
192 http cache es-errors@https://registry.npmjs.org/es-errors/-/es-errors-1.3.0.tgz 0ms (cache hit)
193 http cache electron-to-chromium@https://registry.npmjs.org/electron-to-chromium/-/electron-to-chromium-1.5.335.tgz 0ms (cache hit)
194 http cache dlv@https://registry.npmjs.org/dlv/-/dlv-1.1.3.tgz 0ms (cache hit)
195 http cache didyoumean@https://registry.npmjs.org/didyoumean/-/didyoumean-1.2.2.tgz 0ms (cache hit)
196 http cache debug@https://registry.npmjs.org/debug/-/debug-4.4.3.tgz 0ms (cache hit)
197 http cache csstype@https://registry.npmjs.org/csstype/-/csstype-3.2.3.tgz 0ms (cache hit)
198 http cache convert-source-map@https://registry.npmjs.org/convert-source-map/-/convert-source-map-2.0.0.tgz 0ms (cache hit)
199 http cache cssesc@https://registry.npmjs.org/cssesc/-/cssesc-3.0.0.tgz 0ms (cache hit)
200 http cache commander@https://registry.npmjs.org/commander/-/commander-4.1.1.tgz 0ms (cache hit)
201 http cache caniuse-lite@https://registry.npmjs.org/caniuse-lite/-/caniuse-lite-1.0.30001787.tgz 0ms (cache hit)
202 http cache chokidar@https://registry.npmjs.org/chokidar/-/chokidar-3.6.0.tgz 0ms (cache hit)
203 http cache camelcase-css@https://registry.npmjs.org/camelcase-css/-/camelcase-css-2.0.1.tgz 0ms (cache hit)
204 http cache browserslist@https://registry.npmjs.org/browserslist/-/browserslist-4.28.2.tgz 0ms (cache hit)
205 http cache braces@https://registry.npmjs.org/braces/-/braces-3.0.3.tgz 0ms (cache hit)
206 http cache binary-extensions@https://registry.npmjs.org/binary-extensions/-/binary-extensions-2.3.0.tgz 0ms (cache hit)
207 http cache baseline-browser-mapping@https://registry.npmjs.org/baseline-browser-mapping/-/baseline-browser-mapping-2.10.18.tgz 0ms (cache hit)
208 http cache autoprefixer@https://registry.npmjs.org/autoprefixer/-/autoprefixer-10.4.27.tgz 0ms (cache hit)
209 http cache @vitejs/plugin-react@https://registry.npmjs.org/@vitejs/plugin-react/-/plugin-react-4.7.0.tgz 0ms (cache hit)
210 http cache arg@https://registry.npmjs.org/arg/-/arg-5.0.2.tgz 0ms (cache hit)
211 http cache @types/react-dom@https://registry.npmjs.org/@types/react-dom/-/react-dom-18.3.7.tgz 0ms (cache hit)
212 http cache anymatch@https://registry.npmjs.org/anymatch/-/anymatch-3.1.3.tgz 0ms (cache hit)
213 http cache any-promise@https://registry.npmjs.org/any-promise/-/any-promise-1.3.0.tgz 0ms (cache hit)
214 http cache @types/prop-types@https://registry.npmjs.org/@types/prop-types/-/prop-types-15.7.15.tgz 1ms (cache hit)
215 http cache @types/react@https://registry.npmjs.org/@types/react/-/react-18.3.28.tgz 0ms (cache hit)
216 http cache @types/estree@https://registry.npmjs.org/@types/estree/-/estree-1.0.8.tgz 0ms (cache hit)
217 http cache @types/babel__traverse@https://registry.npmjs.org/@types/babel__traverse/-/babel__traverse-7.28.0.tgz 0ms (cache hit)
218 http cache @rollup/rollup-win32-x64-msvc@https://registry.npmjs.org/@rollup/rollup-win32-x64-msvc/-/rollup-win32-x64-msvc-4.60.1.tgz 0ms (cache hit)
219 http cache @rollup/rollup-win32-x64-gnu@https://registry.npmjs.org/@rollup/rollup-win32-x64-gnu/-/rollup-win32-x64-gnu-4.60.1.tgz 0ms (cache hit)
220 http cache @nodelib/fs.walk@https://registry.npmjs.org/@nodelib/fs.walk/-/fs.walk-1.2.8.tgz 0ms (cache hit)
221 http cache @rolldown/pluginutils@https://registry.npmjs.org/@rolldown/pluginutils/-/pluginutils-1.0.0-beta.27.tgz 0ms (cache hit)
222 http cache @types/babel__template@https://registry.npmjs.org/@types/babel__template/-/babel__template-7.4.4.tgz 0ms (cache hit)
223 http cache @types/babel__generator@https://registry.npmjs.org/@types/babel__generator/-/babel__generator-7.27.0.tgz 0ms (cache hit)
224 http cache @nodelib/fs.stat@https://registry.npmjs.org/@nodelib/fs.stat/-/fs.stat-2.0.5.tgz 0ms (cache hit)
225 http cache @nodelib/fs.scandir@https://registry.npmjs.org/@nodelib/fs.scandir/-/fs.scandir-2.1.5.tgz 0ms (cache hit)
226 http cache @jridgewell/sourcemap-codec@https://registry.npmjs.org/@jridgewell/sourcemap-codec/-/sourcemap-codec-1.5.5.tgz 0ms (cache hit)
227 http cache @types/babel__core@https://registry.npmjs.org/@types/babel__core/-/babel__core-7.20.5.tgz 0ms (cache hit)
228 http cache @jridgewell/trace-mapping@https://registry.npmjs.org/@jridgewell/trace-mapping/-/trace-mapping-0.3.31.tgz 0ms (cache hit)
229 http cache @jridgewell/resolve-uri@https://registry.npmjs.org/@jridgewell/resolve-uri/-/resolve-uri-3.1.2.tgz 0ms (cache hit)
230 http cache @jridgewell/remapping@https://registry.npmjs.org/@jridgewell/remapping/-/remapping-2.3.5.tgz 0ms (cache hit)
231 http cache @remix-run/router@https://registry.npmjs.org/@remix-run/router/-/router-1.23.2.tgz 0ms (cache hit)
232 http cache @esbuild/win32-x64@https://registry.npmjs.org/@esbuild/win32-x64/-/win32-x64-0.25.12.tgz 0ms (cache hit)
233 http cache @babel/types@https://registry.npmjs.org/@babel/types/-/types-7.29.0.tgz 0ms (cache hit)
234 http cache @jridgewell/gen-mapping@https://registry.npmjs.org/@jridgewell/gen-mapping/-/gen-mapping-0.3.13.tgz 0ms (cache hit)
235 http cache @babel/template@https://registry.npmjs.org/@babel/template/-/template-7.28.6.tgz 0ms (cache hit)
236 http cache @babel/traverse@https://registry.npmjs.org/@babel/traverse/-/traverse-7.29.0.tgz 0ms (cache hit)
237 http cache @babel/parser@https://registry.npmjs.org/@babel/parser/-/parser-7.29.2.tgz 0ms (cache hit)
238 http cache @babel/plugin-transform-react-jsx-source@https://registry.npmjs.org/@babel/plugin-transform-react-jsx-source/-/plugin-transform-react-jsx-source-7.27.1.tgz 0ms (cache hit)
239 http cache @babel/plugin-transform-react-jsx-self@https://registry.npmjs.org/@babel/plugin-transform-react-jsx-self/-/plugin-transform-react-jsx-self-7.27.1.tgz 0ms (cache hit)
240 http cache @babel/helpers@https://registry.npmjs.org/@babel/helpers/-/helpers-7.29.2.tgz 0ms (cache hit)
241 http cache @babel/helper-validator-option@https://registry.npmjs.org/@babel/helper-validator-option/-/helper-validator-option-7.27.1.tgz 0ms (cache hit)
242 http cache @babel/helper-validator-identifier@https://registry.npmjs.org/@babel/helper-validator-identifier/-/helper-validator-identifier-7.28.5.tgz 0ms (cache hit)
243 http cache @babel/helper-string-parser@https://registry.npmjs.org/@babel/helper-string-parser/-/helper-string-parser-7.27.1.tgz 0ms (cache hit)
244 http cache @babel/helper-plugin-utils@https://registry.npmjs.org/@babel/helper-plugin-utils/-/helper-plugin-utils-7.28.6.tgz 0ms (cache hit)
245 http cache @babel/helper-module-transforms@https://registry.npmjs.org/@babel/helper-module-transforms/-/helper-module-transforms-7.28.6.tgz 0ms (cache hit)
246 http cache @babel/helper-globals@https://registry.npmjs.org/@babel/helper-globals/-/helper-globals-7.28.0.tgz 0ms (cache hit)
247 http cache @babel/helper-compilation-targets@https://registry.npmjs.org/@babel/helper-compilation-targets/-/helper-compilation-targets-7.28.6.tgz 0ms (cache hit)
248 http cache @babel/generator@https://registry.npmjs.org/@babel/generator/-/generator-7.29.1.tgz 0ms (cache hit)
249 http cache @babel/core@https://registry.npmjs.org/@babel/core/-/core-7.29.0.tgz 0ms (cache hit)
250 http cache @babel/compat-data@https://registry.npmjs.org/@babel/compat-data/-/compat-data-7.29.0.tgz 0ms (cache hit)
251 http cache @babel/helper-module-imports@https://registry.npmjs.org/@babel/helper-module-imports/-/helper-module-imports-7.28.6.tgz 0ms (cache hit)
252 http cache @alloc/quick-lru@https://registry.npmjs.org/@alloc/quick-lru/-/quick-lru-5.2.0.tgz 0ms (cache hit)
253 http cache @babel/code-frame@https://registry.npmjs.org/@babel/code-frame/-/code-frame-7.29.0.tgz 0ms (cache hit)
254 http cache sucrase@https://registry.npmjs.org/sucrase/-/sucrase-3.35.1.tgz 0ms (cache hit)
255 http cache picomatch@https://registry.npmjs.org/picomatch/-/picomatch-4.0.4.tgz 0ms (cache hit)
256 http cache picomatch@https://registry.npmjs.org/picomatch/-/picomatch-4.0.4.tgz 0ms (cache hit)
257 http cache fdir@https://registry.npmjs.org/fdir/-/fdir-6.5.0.tgz 0ms (cache hit)
258 http cache glob-parent@https://registry.npmjs.org/glob-parent/-/glob-parent-5.1.2.tgz 0ms (cache hit)
259 http cache fdir@https://registry.npmjs.org/fdir/-/fdir-6.5.0.tgz 0ms (cache hit)
260 http cache glob-parent@https://registry.npmjs.org/glob-parent/-/glob-parent-5.1.2.tgz 0ms (cache hit)
261 http fetch POST 200 https://registry.npmjs.org/-/npm/v1/security/advisories/bulk 399ms
262 silly audit report {
262 silly audit report   postcss: [
262 silly audit report     {
262 silly audit report       id: 1117015,
262 silly audit report       url: 'https://github.com/advisories/GHSA-qx2v-qp2m-jg93',
262 silly audit report       title: 'PostCSS has XSS via Unescaped </style> in its CSS Stringify Output',
262 silly audit report       severity: 'moderate',
262 silly audit report       vulnerable_versions: '<8.5.10',
262 silly audit report       cwe: [Array],
262 silly audit report       cvss: [Object]
262 silly audit report     }
262 silly audit report   ]
262 silly audit report }
263 silly packumentCache corgi:https://registry.npmjs.org/postcss cache-miss
264 http cache https://registry.npmjs.org/postcss 38ms (cache hit)
265 silly packumentCache corgi:https://registry.npmjs.org/postcss set size:342185 disposed:false
266 silly packumentCache corgi:https://registry.npmjs.org/autoprefixer cache-miss
267 silly packumentCache corgi:https://registry.npmjs.org/postcss-import cache-miss
268 silly packumentCache corgi:https://registry.npmjs.org/postcss-js cache-miss
269 silly packumentCache corgi:https://registry.npmjs.org/postcss-load-config cache-miss
270 silly packumentCache corgi:https://registry.npmjs.org/postcss-nested cache-miss
271 silly packumentCache corgi:https://registry.npmjs.org/tailwindcss cache-miss
272 silly packumentCache corgi:https://registry.npmjs.org/vite cache-miss
273 http cache https://registry.npmjs.org/postcss-import 31ms (cache hit)
274 silly packumentCache corgi:https://registry.npmjs.org/postcss-import set size:52251 disposed:false
275 http cache https://registry.npmjs.org/postcss-js 33ms (cache hit)
276 silly packumentCache corgi:https://registry.npmjs.org/postcss-js set size:25314 disposed:false
277 http cache https://registry.npmjs.org/postcss-load-config 34ms (cache hit)
278 silly packumentCache corgi:https://registry.npmjs.org/postcss-load-config set size:37999 disposed:false
279 http cache https://registry.npmjs.org/autoprefixer 36ms (cache hit)
280 silly packumentCache corgi:https://registry.npmjs.org/autoprefixer set size:298545 disposed:false
281 http cache https://registry.npmjs.org/postcss-nested 38ms (cache hit)
282 silly packumentCache corgi:https://registry.npmjs.org/postcss-nested set size:41645 disposed:false
283 http cache https://registry.npmjs.org/vite 42ms (cache hit)
284 silly packumentCache corgi:https://registry.npmjs.org/vite set size:2234939 disposed:false
285 http cache https://registry.npmjs.org/tailwindcss 58ms (cache hit)
286 silly packumentCache corgi:https://registry.npmjs.org/tailwindcss set size:4667561 disposed:false
287 silly ADD node_modules/gsap
288 silly ADD node_modules/yallist
289 silly ADD node_modules/vite
290 silly ADD node_modules/vite/node_modules/picomatch
291 silly ADD node_modules/vite/node_modules/fdir
292 silly ADD node_modules/util-deprecate
293 silly ADD node_modules/update-browserslist-db
294 silly ADD node_modules/typescript
295 silly ADD node_modules/ts-interface-checker
296 silly ADD node_modules/to-regex-range
297 silly ADD node_modules/tinyglobby
298 silly ADD node_modules/tinyglobby/node_modules/picomatch
299 silly ADD node_modules/tinyglobby/node_modules/fdir
300 silly ADD node_modules/thenify-all
301 silly ADD node_modules/thenify
302 silly ADD node_modules/tailwindcss
303 silly ADD node_modules/supports-preserve-symlinks-flag
304 silly ADD node_modules/source-map-js
305 silly ADD node_modules/semver
306 silly ADD node_modules/scheduler
307 silly ADD node_modules/run-parallel
308 silly ADD node_modules/rollup
309 silly ADD node_modules/reusify
310 silly ADD node_modules/resolve
311 silly ADD node_modules/readdirp
312 silly ADD node_modules/read-cache
313 silly ADD node_modules/react-router-dom
314 silly ADD node_modules/react-router
315 silly ADD node_modules/react-refresh
316 silly ADD node_modules/react-dom
317 silly ADD node_modules/react
318 silly ADD node_modules/queue-microtask
319 silly ADD node_modules/postcss-value-parser
320 silly ADD node_modules/postcss-selector-parser
321 silly ADD node_modules/postcss-nested
322 silly ADD node_modules/postcss-load-config
323 silly ADD node_modules/postcss-js
324 silly ADD node_modules/postcss-import
325 silly ADD node_modules/postcss
326 silly ADD node_modules/pirates
327 silly ADD node_modules/pify
328 silly ADD node_modules/picomatch
329 silly ADD node_modules/picocolors
330 silly ADD node_modules/path-parse
331 silly ADD node_modules/object-hash
332 silly ADD node_modules/object-assign
333 silly ADD node_modules/normalize-path
334 silly ADD node_modules/node-releases
335 silly ADD node_modules/nanoid
336 silly ADD node_modules/mz
337 silly ADD node_modules/ms
338 silly ADD node_modules/micromatch
339 silly ADD node_modules/merge2
340 silly ADD node_modules/lru-cache
341 silly ADD node_modules/loose-envify
342 silly ADD node_modules/lines-and-columns
343 silly ADD node_modules/lilconfig
344 silly ADD node_modules/json5
345 silly ADD node_modules/jsesc
346 silly ADD node_modules/js-tokens
347 silly ADD node_modules/jiti
348 silly ADD node_modules/is-number
349 silly ADD node_modules/is-glob
350 silly ADD node_modules/is-extglob
351 silly ADD node_modules/is-core-module
352 silly ADD node_modules/is-binary-path
353 silly ADD node_modules/hasown
354 silly ADD node_modules/glob-parent
355 silly ADD node_modules/gensync
356 silly ADD node_modules/function-bind
357 silly ADD
358 silly ADD node_modules/fraction.js
359 silly ADD node_modules/fill-range
360 silly ADD node_modules/fastq
361 silly ADD node_modules/fast-glob
362 silly ADD node_modules/fast-glob/node_modules/glob-parent
363 silly ADD node_modules/escalade
364 silly ADD node_modules/esbuild
365 silly ADD node_modules/es-errors
366 silly ADD node_modules/electron-to-chromium
367 silly ADD node_modules/dlv
368 silly ADD node_modules/didyoumean
369 silly ADD node_modules/debug
370 silly ADD node_modules/csstype
371 silly ADD node_modules/cssesc
372 silly ADD node_modules/convert-source-map
373 silly ADD node_modules/commander
374 silly ADD node_modules/chokidar
375 silly ADD node_modules/chokidar/node_modules/glob-parent
376 silly ADD node_modules/caniuse-lite
377 silly ADD node_modules/camelcase-css
378 silly ADD node_modules/browserslist
379 silly ADD node_modules/braces
380 silly ADD node_modules/binary-extensions
381 silly ADD node_modules/baseline-browser-mapping
382 silly ADD node_modules/autoprefixer
383 silly ADD node_modules/arg
384 silly ADD node_modules/anymatch
385 silly ADD node_modules/any-promise
386 silly ADD node_modules/@vitejs/plugin-react
387 silly ADD node_modules/@types/react-dom
388 silly ADD node_modules/@types/react
389 silly ADD node_modules/@types/prop-types
390 silly ADD node_modules/@types/estree
391 silly ADD node_modules/@types/babel__traverse
392 silly ADD node_modules/@types/babel__template
393 silly ADD node_modules/@types/babel__generator
394 silly ADD node_modules/@types/babel__core
395 silly ADD node_modules/@rollup/rollup-win32-x64-msvc
396 silly ADD node_modules/@rollup/rollup-win32-x64-gnu
397 silly ADD
398 silly ADD
399 silly ADD
400 silly ADD
401 silly ADD
402 silly ADD
403 silly ADD
404 silly ADD
405 silly ADD
406 silly ADD
407 silly ADD
408 silly ADD
409 silly ADD
410 silly ADD
411 silly ADD
412 silly ADD
413 silly ADD
414 silly ADD
415 silly ADD
416 silly ADD
417 silly ADD
418 silly ADD
419 silly ADD
420 silly ADD node_modules/@rolldown/pluginutils
421 silly ADD node_modules/@remix-run/router
422 silly ADD node_modules/@nodelib/fs.walk
423 silly ADD node_modules/@nodelib/fs.stat
424 silly ADD node_modules/@nodelib/fs.scandir
425 silly ADD node_modules/@jridgewell/trace-mapping
426 silly ADD node_modules/@jridgewell/sourcemap-codec
427 silly ADD node_modules/@jridgewell/resolve-uri
428 silly ADD node_modules/@jridgewell/remapping
429 silly ADD node_modules/@jridgewell/gen-mapping
430 silly ADD node_modules/@esbuild/win32-x64
431 silly ADD
432 silly ADD
433 silly ADD
434 silly ADD
435 silly ADD
436 silly ADD
437 silly ADD
438 silly ADD
439 silly ADD
440 silly ADD
441 silly ADD
442 silly ADD
443 silly ADD
444 silly ADD
445 silly ADD
446 silly ADD
447 silly ADD
448 silly ADD
449 silly ADD
450 silly ADD
451 silly ADD
452 silly ADD
453 silly ADD
454 silly ADD
455 silly ADD
456 silly ADD node_modules/@babel/types
457 silly ADD node_modules/@babel/traverse
458 silly ADD node_modules/@babel/template
459 silly ADD node_modules/@babel/plugin-transform-react-jsx-source
460 silly ADD node_modules/@babel/plugin-transform-react-jsx-self
461 silly ADD node_modules/@babel/parser
462 silly ADD node_modules/@babel/helpers
463 silly ADD node_modules/@babel/helper-validator-option
464 silly ADD node_modules/@babel/helper-validator-identifier
465 silly ADD node_modules/@babel/helper-string-parser
466 silly ADD node_modules/@babel/helper-plugin-utils
467 silly ADD node_modules/@babel/helper-module-transforms
468 silly ADD node_modules/@babel/helper-module-imports
469 silly ADD node_modules/@babel/helper-globals
470 silly ADD node_modules/@babel/helper-compilation-targets
471 silly ADD node_modules/@babel/generator
472 silly ADD node_modules/@babel/core
473 silly ADD node_modules/@babel/compat-data
474 silly ADD node_modules/@babel/code-frame
475 silly ADD node_modules/@alloc/quick-lru
476 silly CHANGE node_modules/sucrase
477 verbose cwd C:\Users\exzell\Documents\GitHub\ResearchLab\apps\web
478 verbose os Windows_NT 10.0.26200
479 verbose node v22.21.0
480 verbose npm  v10.9.4
481 verbose exit 0
482 info ok
