0 verbose cli C:\Program Files\nodejs\node.exe C:\Program Files\nodejs\node_modules\npm\bin\npm-cli.js
1 info using npm@10.9.4
2 info using node@v22.21.0
3 silly config load:file:C:\Program Files\nodejs\node_modules\npm\npmrc
4 silly config load:file:C:\Users\exzell\Documents\GitHub\ResearchLab\apps\web\.npmrc
5 silly config load:file:C:\Users\exzell\.npmrc
6 silly config load:file:C:\Users\exzell\AppData\Roaming\npm\etc\npmrc
7 verbose title npm install gsap
8 verbose argv "install" "gsap"
9 verbose logfile logs-max:10 dir:C:\Users\exzell\Documents\GitHub\ResearchLab\apps\web\.npm-cache\_logs\2026-04-27T02_11_52_839Z-
10 verbose logfile C:\Users\exzell\Documents\GitHub\ResearchLab\apps\web\.npm-cache\_logs\2026-04-27T02_11_52_839Z-debug-0.log
11 silly logfile done cleaning log files
12 silly packumentCache heap:4345298944 maxSize:1086324736 maxEntrySize:543162368
13 silly idealTree buildDeps
14 silly fetch manifest gsap@*
15 silly packumentCache full:https://registry.npmjs.org/gsap cache-miss
16 http fetch GET 200 https://registry.npmjs.org/npm 204ms
17 http fetch GET 200 https://registry.npmjs.org/gsap 214ms (cache miss)
18 silly packumentCache full:https://registry.npmjs.org/gsap set size:undefined disposed:false
19 silly placeDep ROOT gsap@3.15.0 OK for: researchbridge-web@0.1.0 want: *
20 silly reify moves {}
21 silly audit bulk request {
21 silly audit   '@alloc/quick-lru': [ '5.2.0' ],
21 silly audit   '@babel/code-frame': [ '7.29.0' ],
21 silly audit   '@babel/compat-data': [ '7.29.0' ],
21 silly audit   '@babel/core': [ '7.29.0' ],
21 silly audit   '@babel/generator': [ '7.29.1' ],
21 silly audit   '@babel/helper-compilation-targets': [ '7.28.6' ],
21 silly audit   '@babel/helper-globals': [ '7.28.0' ],
21 silly audit   '@babel/helper-module-imports': [ '7.28.6' ],
21 silly audit   '@babel/helper-module-transforms': [ '7.28.6' ],
21 silly audit   '@babel/helper-plugin-utils': [ '7.28.6' ],
21 silly audit   '@babel/helper-string-parser': [ '7.27.1' ],
21 silly audit   '@babel/helper-validator-identifier': [ '7.28.5' ],
21 silly audit   '@babel/helper-validator-option': [ '7.27.1' ],
21 silly audit   '@babel/helpers': [ '7.29.2' ],
21 silly audit   '@babel/parser': [ '7.29.2' ],
21 silly audit   '@babel/plugin-transform-react-jsx-self': [ '7.27.1' ],
21 silly audit   '@babel/plugin-transform-react-jsx-source': [ '7.27.1' ],
21 silly audit   '@babel/template': [ '7.28.6' ],
21 silly audit   '@babel/traverse': [ '7.29.0' ],
21 silly audit   '@babel/types': [ '7.29.0' ],
21 silly audit   '@esbuild/aix-ppc64': [ '0.25.12' ],
21 silly audit   '@esbuild/android-arm': [ '0.25.12' ],
21 silly audit   '@esbuild/android-arm64': [ '0.25.12' ],
21 silly audit   '@esbuild/android-x64': [ '0.25.12' ],
21 silly audit   '@esbuild/darwin-arm64': [ '0.25.12' ],
21 silly audit   '@esbuild/darwin-x64': [ '0.25.12' ],
21 silly audit   '@esbuild/freebsd-arm64': [ '0.25.12' ],
21 silly audit   '@esbuild/freebsd-x64': [ '0.25.12' ],
21 silly audit   '@esbuild/linux-arm': [ '0.25.12' ],
21 silly audit   '@esbuild/linux-arm64': [ '0.25.12' ],
21 silly audit   '@esbuild/linux-ia32': [ '0.25.12' ],
21 silly audit   '@esbuild/linux-loong64': [ '0.25.12' ],
21 silly audit   '@esbuild/linux-mips64el': [ '0.25.12' ],
21 silly audit   '@esbuild/linux-ppc64': [ '0.25.12' ],
21 silly audit   '@esbuild/linux-riscv64': [ '0.25.12' ],
21 silly audit   '@esbuild/linux-s390x': [ '0.25.12' ],
21 silly audit   '@esbuild/linux-x64': [ '0.25.12' ],
21 silly audit   '@esbuild/netbsd-arm64': [ '0.25.12' ],
21 silly audit   '@esbuild/netbsd-x64': [ '0.25.12' ],
21 silly audit   '@esbuild/openbsd-arm64': [ '0.25.12' ],
21 silly audit   '@esbuild/openbsd-x64': [ '0.25.12' ],
21 silly audit   '@esbuild/openharmony-arm64': [ '0.25.12' ],
21 silly audit   '@esbuild/sunos-x64': [ '0.25.12' ],
21 silly audit   '@esbuild/win32-arm64': [ '0.25.12' ],
21 silly audit   '@esbuild/win32-ia32': [ '0.25.12' ],
21 silly audit   '@esbuild/win32-x64': [ '0.25.12' ],
21 silly audit   '@jridgewell/gen-mapping': [ '0.3.13' ],
21 silly audit   '@jridgewell/remapping': [ '2.3.5' ],
21 silly audit   '@jridgewell/resolve-uri': [ '3.1.2' ],
21 silly audit   '@jridgewell/sourcemap-codec': [ '1.5.5' ],
21 silly audit   '@jridgewell/trace-mapping': [ '0.3.31' ],
21 silly audit   '@nodelib/fs.scandir': [ '2.1.5' ],
21 silly audit   '@nodelib/fs.stat': [ '2.0.5' ],
21 silly audit   '@nodelib/fs.walk': [ '1.2.8' ],
21 silly audit   '@remix-run/router': [ '1.23.2' ],
21 silly audit   '@rolldown/pluginutils': [ '1.0.0-beta.27' ],
21 silly audit   '@rollup/rollup-android-arm-eabi': [ '4.60.1' ],
21 silly audit   '@rollup/rollup-android-arm64': [ '4.60.1' ],
21 silly audit   '@rollup/rollup-darwin-arm64': [ '4.60.1' ],
21 silly audit   '@rollup/rollup-darwin-x64': [ '4.60.1' ],
21 silly audit   '@rollup/rollup-freebsd-arm64': [ '4.60.1' ],
21 silly audit   '@rollup/rollup-freebsd-x64': [ '4.60.1' ],
21 silly audit   '@rollup/rollup-linux-arm-gnueabihf': [ '4.60.1' ],
21 silly audit   '@rollup/rollup-linux-arm-musleabihf': [ '4.60.1' ],
21 silly audit   '@rollup/rollup-linux-arm64-gnu': [ '4.60.1' ],
21 silly audit   '@rollup/rollup-linux-arm64-musl': [ '4.60.1' ],
21 silly audit   '@rollup/rollup-linux-loong64-gnu': [ '4.60.1' ],
21 silly audit   '@rollup/rollup-linux-loong64-musl': [ '4.60.1' ],
21 silly audit   '@rollup/rollup-linux-ppc64-gnu': [ '4.60.1' ],
21 silly audit   '@rollup/rollup-linux-ppc64-musl': [ '4.60.1' ],
21 silly audit   '@rollup/rollup-linux-riscv64-gnu': [ '4.60.1' ],
21 silly audit   '@rollup/rollup-linux-riscv64-musl': [ '4.60.1' ],
21 silly audit   '@rollup/rollup-linux-s390x-gnu': [ '4.60.1' ],
21 silly audit   '@rollup/rollup-linux-x64-gnu': [ '4.60.1' ],
21 silly audit   '@rollup/rollup-linux-x64-musl': [ '4.60.1' ],
21 silly audit   '@rollup/rollup-openbsd-x64': [ '4.60.1' ],
21 silly audit   '@rollup/rollup-openharmony-arm64': [ '4.60.1' ],
21 silly audit   '@rollup/rollup-win32-arm64-msvc': [ '4.60.1' ],
21 silly audit   '@rollup/rollup-win32-ia32-msvc': [ '4.60.1' ],
21 silly audit   '@rollup/rollup-win32-x64-gnu': [ '4.60.1' ],
21 silly audit   '@rollup/rollup-win32-x64-msvc': [ '4.60.1' ],
21 silly audit   '@types/babel__core': [ '7.20.5' ],
21 silly audit   '@types/babel__generator': [ '7.27.0' ],
21 silly audit   '@types/babel__template': [ '7.4.4' ],
21 silly audit   '@types/babel__traverse': [ '7.28.0' ],
21 silly audit   '@types/estree': [ '1.0.8' ],
21 silly audit   '@types/prop-types': [ '15.7.15' ],
21 silly audit   '@types/react': [ '18.3.28' ],
21 silly audit   '@types/react-dom': [ '18.3.7' ],
21 silly audit   '@vitejs/plugin-react': [ '4.7.0' ],
21 silly audit   'any-promise': [ '1.3.0' ],
21 silly audit   anymatch: [ '3.1.3' ],
21 silly audit   arg: [ '5.0.2' ],
21 silly audit   autoprefixer: [ '10.4.27' ],
21 silly audit   'baseline-browser-mapping': [ '2.10.18' ],
21 silly audit   'binary-extensions': [ '2.3.0' ],
21 silly audit   braces: [ '3.0.3' ],
21 silly audit   browserslist: [ '4.28.2' ],
21 silly audit   'camelcase-css': [ '2.0.1' ],
21 silly audit   'caniuse-lite': [ '1.0.30001787' ],
21 silly audit   chokidar: [ '3.6.0' ],
21 silly audit   'glob-parent': [ '5.1.2', '6.0.2' ],
21 silly audit   commander: [ '4.1.1' ],
21 silly audit   'convert-source-map': [ '2.0.0' ],
21 silly audit   cssesc: [ '3.0.0' ],
21 silly audit   csstype: [ '3.2.3' ],
21 silly audit   debug: [ '4.4.3' ],
21 silly audit   didyoumean: [ '1.2.2' ],
21 silly audit   dlv: [ '1.1.3' ],
21 silly audit   'electron-to-chromium': [ '1.5.335' ],
21 silly audit   'es-errors': [ '1.3.0' ],
21 silly audit   esbuild: [ '0.25.12' ],
21 silly audit   escalade: [ '3.2.0' ],
21 silly audit   'fast-glob': [ '3.3.3' ],
21 silly audit   fastq: [ '1.20.1' ],
21 silly audit   'fill-range': [ '7.1.1' ],
21 silly audit   'fraction.js': [ '5.3.4' ],
21 silly audit   fsevents: [ '2.3.3' ],
21 silly audit   'function-bind': [ '1.1.2' ],
21 silly audit   gensync: [ '1.0.0-beta.2' ],
21 silly audit   hasown: [ '2.0.2' ],
21 silly audit   'is-binary-path': [ '2.1.0' ],
21 silly audit   'is-core-module': [ '2.16.1' ],
21 silly audit   'is-extglob': [ '2.1.1' ],
21 silly audit   'is-glob': [ '4.0.3' ],
21 silly audit   'is-number': [ '7.0.0' ],
21 silly audit   jiti: [ '1.21.7' ],
21 silly audit   'js-tokens': [ '4.0.0' ],
21 silly audit   jsesc: [ '3.1.0' ],
21 silly audit   json5: [ '2.2.3' ],
21 silly audit   lilconfig: [ '3.1.3' ],
21 silly audit   'lines-and-columns': [ '1.2.4' ],
21 silly audit   'loose-envify': [ '1.4.0' ],
21 silly audit   'lru-cache': [ '5.1.1' ],
21 silly audit   merge2: [ '1.4.1' ],
21 silly audit   micromatch: [ '4.0.8' ],
21 silly audit   ms: [ '2.1.3' ],
21 silly audit   mz: [ '2.7.0' ],
21 silly audit   nanoid: [ '3.3.11' ],
21 silly audit   'node-releases': [ '2.0.37' ],
21 silly audit   'normalize-path': [ '3.0.0' ],
21 silly audit   'object-assign': [ '4.1.1' ],
21 silly audit   'object-hash': [ '3.0.0' ],
21 silly audit   'path-parse': [ '1.0.7' ],
21 silly audit   picocolors: [ '1.1.1' ],
21 silly audit   picomatch: [ '2.3.2', '4.0.4' ],
21 silly audit   pify: [ '2.3.0' ],
21 silly audit   pirates: [ '4.0.7' ],
21 silly audit   postcss: [ '8.5.9' ],
21 silly audit   'postcss-import': [ '15.1.0' ],
21 silly audit   'postcss-js': [ '4.1.0' ],
21 silly audit   'postcss-load-config': [ '6.0.1' ],
21 silly audit   'postcss-nested': [ '6.2.0' ],
21 silly audit   'postcss-selector-parser': [ '6.1.2' ],
21 silly audit   'postcss-value-parser': [ '4.2.0' ],
21 silly audit   'queue-microtask': [ '1.2.3' ],
21 silly audit   react: [ '18.3.1' ],
21 silly audit   'react-dom': [ '18.3.1' ],
21 silly audit   'react-refresh': [ '0.17.0' ],
21 silly audit   'react-router': [ '6.30.3' ],
21 silly audit   'react-router-dom': [ '6.30.3' ],
21 silly audit   'read-cache': [ '1.0.0' ],
21 silly audit   readdirp: [ '3.6.0' ],
21 silly audit   resolve: [ '1.22.12' ],
21 silly audit   reusify: [ '1.1.0' ],
21 silly audit   rollup: [ '4.60.1' ],
21 silly audit   'run-parallel': [ '1.2.0' ],
21 silly audit   scheduler: [ '0.23.2' ],
21 silly audit   semver: [ '6.3.1' ],
21 silly audit   'source-map-js': [ '1.2.1' ],
21 silly audit   sucrase: [ '3.35.1' ],
21 silly audit   'supports-preserve-symlinks-flag': [ '1.0.0' ],
21 silly audit   tailwindcss: [ '3.4.19' ],
21 silly audit   thenify: [ '3.3.1' ],
21 silly audit   'thenify-all': [ '1.6.0' ],
21 silly audit   tinyglobby: [ '0.2.16' ],
21 silly audit   fdir: [ '6.5.0' ],
21 silly audit   'to-regex-range': [ '5.0.1' ],
21 silly audit   'ts-interface-checker': [ '0.1.13' ],
21 silly audit   typescript: [ '5.9.3' ],
21 silly audit   'update-browserslist-db': [ '1.2.3' ],
21 silly audit   'util-deprecate': [ '1.0.2' ],
21 silly audit   vite: [ '6.4.2' ],
21 silly audit   yallist: [ '3.1.1' ],
21 silly audit   gsap: [ '3.15.0' ]
21 silly audit }
22 verbose reify failed optional dependency C:\Users\exzell\Documents\GitHub\ResearchLab\apps\web\node_modules\fsevents
23 silly reify mark deleted [
23 silly reify   'C:\\Users\\exzell\\Documents\\GitHub\\ResearchLab\\apps\\web\\node_modules\\fsevents'
23 silly reify ]
24 verbose reify failed optional dependency C:\Users\exzell\Documents\GitHub\ResearchLab\apps\web\node_modules\@rollup\rollup-win32-ia32-msvc
25 silly reify mark deleted [
25 silly reify   'C:\\Users\\exzell\\Documents\\GitHub\\ResearchLab\\apps\\web\\node_modules\\@rollup\\rollup-win32-ia32-msvc'
25 silly reify ]
26 verbose reify failed optional dependency C:\Users\exzell\Documents\GitHub\ResearchLab\apps\web\node_modules\@rollup\rollup-win32-arm64-msvc
27 silly reify mark deleted [
27 silly reify   'C:\\Users\\exzell\\Documents\\GitHub\\ResearchLab\\apps\\web\\node_modules\\@rollup\\rollup-win32-arm64-msvc'
27 silly reify ]
28 verbose reify failed optional dependency C:\Users\exzell\Documents\GitHub\ResearchLab\apps\web\node_modules\@rollup\rollup-openharmony-arm64
29 silly reify mark deleted [
29 silly reify   'C:\\Users\\exzell\\Documents\\GitHub\\ResearchLab\\apps\\web\\node_modules\\@rollup\\rollup-openharmony-arm64'
29 silly reify ]
30 verbose reify failed optional dependency C:\Users\exzell\Documents\GitHub\ResearchLab\apps\web\node_modules\@rollup\rollup-openbsd-x64
31 silly reify mark deleted [
31 silly reify   'C:\\Users\\exzell\\Documents\\GitHub\\ResearchLab\\apps\\web\\node_modules\\@rollup\\rollup-openbsd-x64'
31 silly reify ]
32 verbose reify failed optional dependency C:\Users\exzell\Documents\GitHub\ResearchLab\apps\web\node_modules\@rollup\rollup-linux-x64-musl
33 silly reify mark deleted [
33 silly reify   'C:\\Users\\exzell\\Documents\\GitHub\\ResearchLab\\apps\\web\\node_modules\\@rollup\\rollup-linux-x64-musl'
33 silly reify ]
34 verbose reify failed optional dependency C:\Users\exzell\Documents\GitHub\ResearchLab\apps\web\node_modules\@rollup\rollup-linux-x64-gnu
35 silly reify mark deleted [
35 silly reify   'C:\\Users\\exzell\\Documents\\GitHub\\ResearchLab\\apps\\web\\node_modules\\@rollup\\rollup-linux-x64-gnu'
35 silly reify ]
36 verbose reify failed optional dependency C:\Users\exzell\Documents\GitHub\ResearchLab\apps\web\node_modules\@rollup\rollup-linux-s390x-gnu
37 silly reify mark deleted [
37 silly reify   'C:\\Users\\exzell\\Documents\\GitHub\\ResearchLab\\apps\\web\\node_modules\\@rollup\\rollup-linux-s390x-gnu'
37 silly reify ]
38 verbose reify failed optional dependency C:\Users\exzell\Documents\GitHub\ResearchLab\apps\web\node_modules\@rollup\rollup-linux-riscv64-musl
39 silly reify mark deleted [
39 silly reify   'C:\\Users\\exzell\\Documents\\GitHub\\ResearchLab\\apps\\web\\node_modules\\@rollup\\rollup-linux-riscv64-musl'
39 silly reify ]
40 verbose reify failed optional dependency C:\Users\exzell\Documents\GitHub\ResearchLab\apps\web\node_modules\@rollup\rollup-linux-riscv64-gnu
41 silly reify mark deleted [
41 silly reify   'C:\\Users\\exzell\\Documents\\GitHub\\ResearchLab\\apps\\web\\node_modules\\@rollup\\rollup-linux-riscv64-gnu'
41 silly reify ]
42 verbose reify failed optional dependency C:\Users\exzell\Documents\GitHub\ResearchLab\apps\web\node_modules\@rollup\rollup-linux-ppc64-musl
43 silly reify mark deleted [
43 silly reify   'C:\\Users\\exzell\\Documents\\GitHub\\ResearchLab\\apps\\web\\node_modules\\@rollup\\rollup-linux-ppc64-musl'
43 silly reify ]
44 verbose reify failed optional dependency C:\Users\exzell\Documents\GitHub\ResearchLab\apps\web\node_modules\@rollup\rollup-linux-ppc64-gnu
45 silly reify mark deleted [
45 silly reify   'C:\\Users\\exzell\\Documents\\GitHub\\ResearchLab\\apps\\web\\node_modules\\@rollup\\rollup-linux-ppc64-gnu'
45 silly reify ]
46 verbose reify failed optional dependency C:\Users\exzell\Documents\GitHub\ResearchLab\apps\web\node_modules\@rollup\rollup-linux-loong64-musl
47 silly reify mark deleted [
47 silly reify   'C:\\Users\\exzell\\Documents\\GitHub\\ResearchLab\\apps\\web\\node_modules\\@rollup\\rollup-linux-loong64-musl'
47 silly reify ]
48 verbose reify failed optional dependency C:\Users\exzell\Documents\GitHub\ResearchLab\apps\web\node_modules\@rollup\rollup-linux-loong64-gnu
49 silly reify mark deleted [
49 silly reify   'C:\\Users\\exzell\\Documents\\GitHub\\ResearchLab\\apps\\web\\node_modules\\@rollup\\rollup-linux-loong64-gnu'
49 silly reify ]
50 verbose reify failed optional dependency C:\Users\exzell\Documents\GitHub\ResearchLab\apps\web\node_modules\@rollup\rollup-linux-arm64-musl
51 silly reify mark deleted [
51 silly reify   'C:\\Users\\exzell\\Documents\\GitHub\\ResearchLab\\apps\\web\\node_modules\\@rollup\\rollup-linux-arm64-musl'
51 silly reify ]
52 verbose reify failed optional dependency C:\Users\exzell\Documents\GitHub\ResearchLab\apps\web\node_modules\@rollup\rollup-linux-arm64-gnu
53 silly reify mark deleted [
53 silly reify   'C:\\Users\\exzell\\Documents\\GitHub\\ResearchLab\\apps\\web\\node_modules\\@rollup\\rollup-linux-arm64-gnu'
53 silly reify ]
54 verbose reify failed optional dependency C:\Users\exzell\Documents\GitHub\ResearchLab\apps\web\node_modules\@rollup\rollup-linux-arm-musleabihf
55 silly reify mark deleted [
55 silly reify   'C:\\Users\\exzell\\Documents\\GitHub\\ResearchLab\\apps\\web\\node_modules\\@rollup\\rollup-linux-arm-musleabihf'
55 silly reify ]
56 verbose reify failed optional dependency C:\Users\exzell\Documents\GitHub\ResearchLab\apps\web\node_modules\@rollup\rollup-linux-arm-gnueabihf
57 silly reify mark deleted [
57 silly reify   'C:\\Users\\exzell\\Documents\\GitHub\\ResearchLab\\apps\\web\\node_modules\\@rollup\\rollup-linux-arm-gnueabihf'
57 silly reify ]
58 verbose reify failed optional dependency C:\Users\exzell\Documents\GitHub\ResearchLab\apps\web\node_modules\@rollup\rollup-freebsd-x64
59 silly reify mark deleted [
59 silly reify   'C:\\Users\\exzell\\Documents\\GitHub\\ResearchLab\\apps\\web\\node_modules\\@rollup\\rollup-freebsd-x64'
59 silly reify ]
60 verbose reify failed optional dependency C:\Users\exzell\Documents\GitHub\ResearchLab\apps\web\node_modules\@rollup\rollup-freebsd-arm64
61 silly reify mark deleted [
61 silly reify   'C:\\Users\\exzell\\Documents\\GitHub\\ResearchLab\\apps\\web\\node_modules\\@rollup\\rollup-freebsd-arm64'
61 silly reify ]
62 verbose reify failed optional dependency C:\Users\exzell\Documents\GitHub\ResearchLab\apps\web\node_modules\@rollup\rollup-darwin-x64
63 silly reify mark deleted [
63 silly reify   'C:\\Users\\exzell\\Documents\\GitHub\\ResearchLab\\apps\\web\\node_modules\\@rollup\\rollup-darwin-x64'
63 silly reify ]
64 verbose reify failed optional dependency C:\Users\exzell\Documents\GitHub\ResearchLab\apps\web\node_modules\@rollup\rollup-darwin-arm64
65 silly reify mark deleted [
65 silly reify   'C:\\Users\\exzell\\Documents\\GitHub\\ResearchLab\\apps\\web\\node_modules\\@rollup\\rollup-darwin-arm64'
65 silly reify ]
66 verbose reify failed optional dependency C:\Users\exzell\Documents\GitHub\ResearchLab\apps\web\node_modules\@rollup\rollup-android-arm64
67 silly reify mark deleted [
67 silly reify   'C:\\Users\\exzell\\Documents\\GitHub\\ResearchLab\\apps\\web\\node_modules\\@rollup\\rollup-android-arm64'
67 silly reify ]
68 verbose reify failed optional dependency C:\Users\exzell\Documents\GitHub\ResearchLab\apps\web\node_modules\@rollup\rollup-android-arm-eabi
69 silly reify mark deleted [
69 silly reify   'C:\\Users\\exzell\\Documents\\GitHub\\ResearchLab\\apps\\web\\node_modules\\@rollup\\rollup-android-arm-eabi'
69 silly reify ]
70 verbose reify failed optional dependency C:\Users\exzell\Documents\GitHub\ResearchLab\apps\web\node_modules\@esbuild\win32-ia32
71 silly reify mark deleted [
71 silly reify   'C:\\Users\\exzell\\Documents\\GitHub\\ResearchLab\\apps\\web\\node_modules\\@esbuild\\win32-ia32'
71 silly reify ]
72 verbose reify failed optional dependency C:\Users\exzell\Documents\GitHub\ResearchLab\apps\web\node_modules\@esbuild\win32-arm64
73 silly reify mark deleted [
73 silly reify   'C:\\Users\\exzell\\Documents\\GitHub\\ResearchLab\\apps\\web\\node_modules\\@esbuild\\win32-arm64'
73 silly reify ]
74 verbose reify failed optional dependency C:\Users\exzell\Documents\GitHub\ResearchLab\apps\web\node_modules\@esbuild\sunos-x64
75 silly reify mark deleted [
75 silly reify   'C:\\Users\\exzell\\Documents\\GitHub\\ResearchLab\\apps\\web\\node_modules\\@esbuild\\sunos-x64'
75 silly reify ]
76 verbose reify failed optional dependency C:\Users\exzell\Documents\GitHub\ResearchLab\apps\web\node_modules\@esbuild\openharmony-arm64
77 silly reify mark deleted [
77 silly reify   'C:\\Users\\exzell\\Documents\\GitHub\\ResearchLab\\apps\\web\\node_modules\\@esbuild\\openharmony-arm64'
77 silly reify ]
78 verbose reify failed optional dependency C:\Users\exzell\Documents\GitHub\ResearchLab\apps\web\node_modules\@esbuild\openbsd-x64
79 silly reify mark deleted [
79 silly reify   'C:\\Users\\exzell\\Documents\\GitHub\\ResearchLab\\apps\\web\\node_modules\\@esbuild\\openbsd-x64'
79 silly reify ]
80 verbose reify failed optional dependency C:\Users\exzell\Documents\GitHub\ResearchLab\apps\web\node_modules\@esbuild\openbsd-arm64
81 silly reify mark deleted [
81 silly reify   'C:\\Users\\exzell\\Documents\\GitHub\\ResearchLab\\apps\\web\\node_modules\\@esbuild\\openbsd-arm64'
81 silly reify ]
82 verbose reify failed optional dependency C:\Users\exzell\Documents\GitHub\ResearchLab\apps\web\node_modules\@esbuild\netbsd-x64
83 silly reify mark deleted [
83 silly reify   'C:\\Users\\exzell\\Documents\\GitHub\\ResearchLab\\apps\\web\\node_modules\\@esbuild\\netbsd-x64'
83 silly reify ]
84 verbose reify failed optional dependency C:\Users\exzell\Documents\GitHub\ResearchLab\apps\web\node_modules\@esbuild\netbsd-arm64
85 silly reify mark deleted [
85 silly reify   'C:\\Users\\exzell\\Documents\\GitHub\\ResearchLab\\apps\\web\\node_modules\\@esbuild\\netbsd-arm64'
85 silly reify ]
86 verbose reify failed optional dependency C:\Users\exzell\Documents\GitHub\ResearchLab\apps\web\node_modules\@esbuild\linux-x64
87 silly reify mark deleted [
87 silly reify   'C:\\Users\\exzell\\Documents\\GitHub\\ResearchLab\\apps\\web\\node_modules\\@esbuild\\linux-x64'
87 silly reify ]
88 verbose reify failed optional dependency C:\Users\exzell\Documents\GitHub\ResearchLab\apps\web\node_modules\@esbuild\linux-s390x
89 silly reify mark deleted [
89 silly reify   'C:\\Users\\exzell\\Documents\\GitHub\\ResearchLab\\apps\\web\\node_modules\\@esbuild\\linux-s390x'
89 silly reify ]
90 verbose reify failed optional dependency C:\Users\exzell\Documents\GitHub\ResearchLab\apps\web\node_modules\@esbuild\linux-riscv64
91 silly reify mark deleted [
91 silly reify   'C:\\Users\\exzell\\Documents\\GitHub\\ResearchLab\\apps\\web\\node_modules\\@esbuild\\linux-riscv64'
91 silly reify ]
92 verbose reify failed optional dependency C:\Users\exzell\Documents\GitHub\ResearchLab\apps\web\node_modules\@esbuild\linux-ppc64
93 silly reify mark deleted [
93 silly reify   'C:\\Users\\exzell\\Documents\\GitHub\\ResearchLab\\apps\\web\\node_modules\\@esbuild\\linux-ppc64'
93 silly reify ]
94 verbose reify failed optional dependency C:\Users\exzell\Documents\GitHub\ResearchLab\apps\web\node_modules\@esbuild\linux-mips64el
95 silly reify mark deleted [
95 silly reify   'C:\\Users\\exzell\\Documents\\GitHub\\ResearchLab\\apps\\web\\node_modules\\@esbuild\\linux-mips64el'
95 silly reify ]
96 verbose reify failed optional dependency C:\Users\exzell\Documents\GitHub\ResearchLab\apps\web\node_modules\@esbuild\linux-loong64
97 silly reify mark deleted [
97 silly reify   'C:\\Users\\exzell\\Documents\\GitHub\\ResearchLab\\apps\\web\\node_modules\\@esbuild\\linux-loong64'
97 silly reify ]
98 verbose reify failed optional dependency C:\Users\exzell\Documents\GitHub\ResearchLab\apps\web\node_modules\@esbuild\linux-ia32
99 silly reify mark deleted [
99 silly reify   'C:\\Users\\exzell\\Documents\\GitHub\\ResearchLab\\apps\\web\\node_modules\\@esbuild\\linux-ia32'
99 silly reify ]
100 verbose reify failed optional dependency C:\Users\exzell\Documents\GitHub\ResearchLab\apps\web\node_modules\@esbuild\linux-arm64
101 silly reify mark deleted [
101 silly reify   'C:\\Users\\exzell\\Documents\\GitHub\\ResearchLab\\apps\\web\\node_modules\\@esbuild\\linux-arm64'
101 silly reify ]
102 verbose reify failed optional dependency C:\Users\exzell\Documents\GitHub\ResearchLab\apps\web\node_modules\@esbuild\linux-arm
103 silly reify mark deleted [
103 silly reify   'C:\\Users\\exzell\\Documents\\GitHub\\ResearchLab\\apps\\web\\node_modules\\@esbuild\\linux-arm'
103 silly reify ]
104 verbose reify failed optional dependency C:\Users\exzell\Documents\GitHub\ResearchLab\apps\web\node_modules\@esbuild\freebsd-x64
105 silly reify mark deleted [
105 silly reify   'C:\\Users\\exzell\\Documents\\GitHub\\ResearchLab\\apps\\web\\node_modules\\@esbuild\\freebsd-x64'
105 silly reify ]
106 verbose reify failed optional dependency C:\Users\exzell\Documents\GitHub\ResearchLab\apps\web\node_modules\@esbuild\freebsd-arm64
107 silly reify mark deleted [
107 silly reify   'C:\\Users\\exzell\\Documents\\GitHub\\ResearchLab\\apps\\web\\node_modules\\@esbuild\\freebsd-arm64'
107 silly reify ]
108 verbose reify failed optional dependency C:\Users\exzell\Documents\GitHub\ResearchLab\apps\web\node_modules\@esbuild\darwin-x64
109 silly reify mark deleted [
109 silly reify   'C:\\Users\\exzell\\Documents\\GitHub\\ResearchLab\\apps\\web\\node_modules\\@esbuild\\darwin-x64'
109 silly reify ]
110 verbose reify failed optional dependency C:\Users\exzell\Documents\GitHub\ResearchLab\apps\web\node_modules\@esbuild\darwin-arm64
111 silly reify mark deleted [
111 silly reify   'C:\\Users\\exzell\\Documents\\GitHub\\ResearchLab\\apps\\web\\node_modules\\@esbuild\\darwin-arm64'
111 silly reify ]
112 verbose reify failed optional dependency C:\Users\exzell\Documents\GitHub\ResearchLab\apps\web\node_modules\@esbuild\android-x64
113 silly reify mark deleted [
113 silly reify   'C:\\Users\\exzell\\Documents\\GitHub\\ResearchLab\\apps\\web\\node_modules\\@esbuild\\android-x64'
113 silly reify ]
114 verbose reify failed optional dependency C:\Users\exzell\Documents\GitHub\ResearchLab\apps\web\node_modules\@esbuild\android-arm64
115 silly reify mark deleted [
115 silly reify   'C:\\Users\\exzell\\Documents\\GitHub\\ResearchLab\\apps\\web\\node_modules\\@esbuild\\android-arm64'
115 silly reify ]
116 verbose reify failed optional dependency C:\Users\exzell\Documents\GitHub\ResearchLab\apps\web\node_modules\@esbuild\android-arm
117 silly reify mark deleted [
117 silly reify   'C:\\Users\\exzell\\Documents\\GitHub\\ResearchLab\\apps\\web\\node_modules\\@esbuild\\android-arm'
117 silly reify ]
118 verbose reify failed optional dependency C:\Users\exzell\Documents\GitHub\ResearchLab\apps\web\node_modules\@esbuild\aix-ppc64
119 silly reify mark deleted [
119 silly reify   'C:\\Users\\exzell\\Documents\\GitHub\\ResearchLab\\apps\\web\\node_modules\\@esbuild\\aix-ppc64'
119 silly reify ]
120 http cache gsap@https://registry.npmjs.org/gsap/-/gsap-3.15.0.tgz 0ms (cache hit)
121 http cache yallist@https://registry.npmjs.org/yallist/-/yallist-3.1.1.tgz 0ms (cache hit)
122 http cache util-deprecate@https://registry.npmjs.org/util-deprecate/-/util-deprecate-1.0.2.tgz 0ms (cache hit)
123 http cache vite@https://registry.npmjs.org/vite/-/vite-6.4.2.tgz 0ms (cache hit)
124 http cache update-browserslist-db@https://registry.npmjs.org/update-browserslist-db/-/update-browserslist-db-1.2.3.tgz 0ms (cache hit)
125 http cache typescript@https://registry.npmjs.org/typescript/-/typescript-5.9.3.tgz 0ms (cache hit)
126 http cache ts-interface-checker@https://registry.npmjs.org/ts-interface-checker/-/ts-interface-checker-0.1.13.tgz 0ms (cache hit)
127 http cache to-regex-range@https://registry.npmjs.org/to-regex-range/-/to-regex-range-5.0.1.tgz 0ms (cache hit)
128 http cache tinyglobby@https://registry.npmjs.org/tinyglobby/-/tinyglobby-0.2.16.tgz 0ms (cache hit)
129 http cache thenify@https://registry.npmjs.org/thenify/-/thenify-3.3.1.tgz 0ms (cache hit)
130 http cache thenify-all@https://registry.npmjs.org/thenify-all/-/thenify-all-1.6.0.tgz 0ms (cache hit)
131 http cache tailwindcss@https://registry.npmjs.org/tailwindcss/-/tailwindcss-3.4.19.tgz 0ms (cache hit)
132 http cache supports-preserve-symlinks-flag@https://registry.npmjs.org/supports-preserve-symlinks-flag/-/supports-preserve-symlinks-flag-1.0.0.tgz 0ms (cache hit)
133 http cache sucrase@https://registry.npmjs.org/sucrase/-/sucrase-3.35.1.tgz 0ms (cache hit)
134 http cache semver@https://registry.npmjs.org/semver/-/semver-6.3.1.tgz 0ms (cache hit)
135 http cache scheduler@https://registry.npmjs.org/scheduler/-/scheduler-0.23.2.tgz 0ms (cache hit)
136 http cache rollup@https://registry.npmjs.org/rollup/-/rollup-4.60.1.tgz 0ms (cache hit)
137 http cache reusify@https://registry.npmjs.org/reusify/-/reusify-1.1.0.tgz 0ms (cache hit)
138 http cache resolve@https://registry.npmjs.org/resolve/-/resolve-1.22.12.tgz 0ms (cache hit)
139 http cache source-map-js@https://registry.npmjs.org/source-map-js/-/source-map-js-1.2.1.tgz 0ms (cache hit)
140 http cache run-parallel@https://registry.npmjs.org/run-parallel/-/run-parallel-1.2.0.tgz 0ms (cache hit)
141 http cache readdirp@https://registry.npmjs.org/readdirp/-/readdirp-3.6.0.tgz 0ms (cache hit)
142 http cache read-cache@https://registry.npmjs.org/read-cache/-/read-cache-1.0.0.tgz 0ms (cache hit)
143 http cache react-router-dom@https://registry.npmjs.org/react-router-dom/-/react-router-dom-6.30.3.tgz 0ms (cache hit)
144 http cache react-router@https://registry.npmjs.org/react-router/-/react-router-6.30.3.tgz 0ms (cache hit)
145 http cache react-dom@https://registry.npmjs.org/react-dom/-/react-dom-18.3.1.tgz 0ms (cache hit)
146 http cache react@https://registry.npmjs.org/react/-/react-18.3.1.tgz 0ms (cache hit)
147 http cache react-refresh@https://registry.npmjs.org/react-refresh/-/react-refresh-0.17.0.tgz 0ms (cache hit)
148 http cache queue-microtask@https://registry.npmjs.org/queue-microtask/-/queue-microtask-1.2.3.tgz 0ms (cache hit)
149 http cache postcss-value-parser@https://registry.npmjs.org/postcss-value-parser/-/postcss-value-parser-4.2.0.tgz 0ms (cache hit)
150 http cache postcss-nested@https://registry.npmjs.org/postcss-nested/-/postcss-nested-6.2.0.tgz 0ms (cache hit)
151 http cache postcss-selector-parser@https://registry.npmjs.org/postcss-selector-parser/-/postcss-selector-parser-6.1.2.tgz 0ms (cache hit)
152 http cache postcss-import@https://registry.npmjs.org/postcss-import/-/postcss-import-15.1.0.tgz 0ms (cache hit)
153 http cache postcss-load-config@https://registry.npmjs.org/postcss-load-config/-/postcss-load-config-6.0.1.tgz 0ms (cache hit)
154 http cache pirates@https://registry.npmjs.org/pirates/-/pirates-4.0.7.tgz 0ms (cache hit)
155 http cache postcss-js@https://registry.npmjs.org/postcss-js/-/postcss-js-4.1.0.tgz 0ms (cache hit)
156 http cache postcss@https://registry.npmjs.org/postcss/-/postcss-8.5.9.tgz 0ms (cache hit)
157 http cache pify@https://registry.npmjs.org/pify/-/pify-2.3.0.tgz 0ms (cache hit)
158 http cache picomatch@https://registry.npmjs.org/picomatch/-/picomatch-2.3.2.tgz 1ms (cache hit)
159 http cache picocolors@https://registry.npmjs.org/picocolors/-/picocolors-1.1.1.tgz 0ms (cache hit)
160 http cache object-hash@https://registry.npmjs.org/object-hash/-/object-hash-3.0.0.tgz 0ms (cache hit)
161 http cache path-parse@https://registry.npmjs.org/path-parse/-/path-parse-1.0.7.tgz 0ms (cache hit)
162 http cache object-assign@https://registry.npmjs.org/object-assign/-/object-assign-4.1.1.tgz 0ms (cache hit)
163 http cache normalize-path@https://registry.npmjs.org/normalize-path/-/normalize-path-3.0.0.tgz 0ms (cache hit)
164 http cache node-releases@https://registry.npmjs.org/node-releases/-/node-releases-2.0.37.tgz 0ms (cache hit)
165 http cache nanoid@https://registry.npmjs.org/nanoid/-/nanoid-3.3.11.tgz 0ms (cache hit)
166 http cache mz@https://registry.npmjs.org/mz/-/mz-2.7.0.tgz 0ms (cache hit)
167 http cache ms@https://registry.npmjs.org/ms/-/ms-2.1.3.tgz 0ms (cache hit)
168 http cache micromatch@https://registry.npmjs.org/micromatch/-/micromatch-4.0.8.tgz 0ms (cache hit)
169 http cache merge2@https://registry.npmjs.org/merge2/-/merge2-1.4.1.tgz 0ms (cache hit)
170 http cache lru-cache@https://registry.npmjs.org/lru-cache/-/lru-cache-5.1.1.tgz 0ms (cache hit)
171 http cache loose-envify@https://registry.npmjs.org/loose-envify/-/loose-envify-1.4.0.tgz 0ms (cache hit)
172 http cache lines-and-columns@https://registry.npmjs.org/lines-and-columns/-/lines-and-columns-1.2.4.tgz 0ms (cache hit)
173 http cache lilconfig@https://registry.npmjs.org/lilconfig/-/lilconfig-3.1.3.tgz 0ms (cache hit)
174 http cache json5@https://registry.npmjs.org/json5/-/json5-2.2.3.tgz 0ms (cache hit)
175 http cache jsesc@https://registry.npmjs.org/jsesc/-/jsesc-3.1.0.tgz 0ms (cache hit)
176 http cache js-tokens@https://registry.npmjs.org/js-tokens/-/js-tokens-4.0.0.tgz 0ms (cache hit)
177 http cache jiti@https://registry.npmjs.org/jiti/-/jiti-1.21.7.tgz 0ms (cache hit)
178 http cache is-glob@https://registry.npmjs.org/is-glob/-/is-glob-4.0.3.tgz 0ms (cache hit)
179 http cache is-number@https://registry.npmjs.org/is-number/-/is-number-7.0.0.tgz 0ms (cache hit)
180 http cache is-extglob@https://registry.npmjs.org/is-extglob/-/is-extglob-2.1.1.tgz 0ms (cache hit)
181 http cache is-core-module@https://registry.npmjs.org/is-core-module/-/is-core-module-2.16.1.tgz 0ms (cache hit)
182 http cache is-binary-path@https://registry.npmjs.org/is-binary-path/-/is-binary-path-2.1.0.tgz 0ms (cache hit)
183 http cache hasown@https://registry.npmjs.org/hasown/-/hasown-2.0.2.tgz 0ms (cache hit)
184 http cache gensync@https://registry.npmjs.org/gensync/-/gensync-1.0.0-beta.2.tgz 0ms (cache hit)
185 http cache glob-parent@https://registry.npmjs.org/glob-parent/-/glob-parent-6.0.2.tgz 0ms (cache hit)
186 http cache function-bind@https://registry.npmjs.org/function-bind/-/function-bind-1.1.2.tgz 0ms (cache hit)
187 http cache fraction.js@https://registry.npmjs.org/fraction.js/-/fraction.js-5.3.4.tgz 0ms (cache hit)
188 http cache fill-range@https://registry.npmjs.org/fill-range/-/fill-range-7.1.1.tgz 0ms (cache hit)
189 http cache fastq@https://registry.npmjs.org/fastq/-/fastq-1.20.1.tgz 0ms (cache hit)
190 http cache escalade@https://registry.npmjs.org/escalade/-/escalade-3.2.0.tgz 0ms (cache hit)
191 http cache fast-glob@https://registry.npmjs.org/fast-glob/-/fast-glob-3.3.3.tgz 0ms (cache hit)
192 http cache esbuild@https://registry.npmjs.org/esbuild/-/esbuild-0.25.12.tgz 0ms (cache hit)
193 http cache es-errors@https://registry.npmjs.org/es-errors/-/es-errors-1.3.0.tgz 0ms (cache hit)
194 http cache electron-to-chromium@https://registry.npmjs.org/electron-to-chromium/-/electron-to-chromium-1.5.335.tgz 0ms (cache hit)
195 http cache didyoumean@https://registry.npmjs.org/didyoumean/-/didyoumean-1.2.2.tgz 0ms (cache hit)
196 http cache dlv@https://registry.npmjs.org/dlv/-/dlv-1.1.3.tgz 0ms (cache hit)
197 http cache debug@https://registry.npmjs.org/debug/-/debug-4.4.3.tgz 0ms (cache hit)
198 http cache csstype@https://registry.npmjs.org/csstype/-/csstype-3.2.3.tgz 0ms (cache hit)
199 http cache cssesc@https://registry.npmjs.org/cssesc/-/cssesc-3.0.0.tgz 0ms (cache hit)
200 http cache convert-source-map@https://registry.npmjs.org/convert-source-map/-/convert-source-map-2.0.0.tgz 0ms (cache hit)
201 http cache commander@https://registry.npmjs.org/commander/-/commander-4.1.1.tgz 0ms (cache hit)
202 http cache chokidar@https://registry.npmjs.org/chokidar/-/chokidar-3.6.0.tgz 0ms (cache hit)
203 http cache caniuse-lite@https://registry.npmjs.org/caniuse-lite/-/caniuse-lite-1.0.30001787.tgz 0ms (cache hit)
204 http cache camelcase-css@https://registry.npmjs.org/camelcase-css/-/camelcase-css-2.0.1.tgz 0ms (cache hit)
205 http cache browserslist@https://registry.npmjs.org/browserslist/-/browserslist-4.28.2.tgz 0ms (cache hit)
206 http cache braces@https://registry.npmjs.org/braces/-/braces-3.0.3.tgz 0ms (cache hit)
207 http cache binary-extensions@https://registry.npmjs.org/binary-extensions/-/binary-extensions-2.3.0.tgz 0ms (cache hit)
208 http cache baseline-browser-mapping@https://registry.npmjs.org/baseline-browser-mapping/-/baseline-browser-mapping-2.10.18.tgz 0ms (cache hit)
209 http cache autoprefixer@https://registry.npmjs.org/autoprefixer/-/autoprefixer-10.4.27.tgz 0ms (cache hit)
210 http cache arg@https://registry.npmjs.org/arg/-/arg-5.0.2.tgz 0ms (cache hit)
211 http cache anymatch@https://registry.npmjs.org/anymatch/-/anymatch-3.1.3.tgz 0ms (cache hit)
212 http cache @vitejs/plugin-react@https://registry.npmjs.org/@vitejs/plugin-react/-/plugin-react-4.7.0.tgz 0ms (cache hit)
213 http cache any-promise@https://registry.npmjs.org/any-promise/-/any-promise-1.3.0.tgz 0ms (cache hit)
214 http cache @types/react-dom@https://registry.npmjs.org/@types/react-dom/-/react-dom-18.3.7.tgz 0ms (cache hit)
215 http cache @types/prop-types@https://registry.npmjs.org/@types/prop-types/-/prop-types-15.7.15.tgz 1ms (cache hit)
216 http cache @types/estree@https://registry.npmjs.org/@types/estree/-/estree-1.0.8.tgz 0ms (cache hit)
217 http cache @types/react@https://registry.npmjs.org/@types/react/-/react-18.3.28.tgz 0ms (cache hit)
218 http cache @types/babel__traverse@https://registry.npmjs.org/@types/babel__traverse/-/babel__traverse-7.28.0.tgz 0ms (cache hit)
219 http cache @rollup/rollup-win32-x64-msvc@https://registry.npmjs.org/@rollup/rollup-win32-x64-msvc/-/rollup-win32-x64-msvc-4.60.1.tgz 0ms (cache hit)
220 http cache @rollup/rollup-win32-x64-gnu@https://registry.npmjs.org/@rollup/rollup-win32-x64-gnu/-/rollup-win32-x64-gnu-4.60.1.tgz 0ms (cache hit)
221 http cache @rolldown/pluginutils@https://registry.npmjs.org/@rolldown/pluginutils/-/pluginutils-1.0.0-beta.27.tgz 0ms (cache hit)
222 http cache @types/babel__template@https://registry.npmjs.org/@types/babel__template/-/babel__template-7.4.4.tgz 0ms (cache hit)
223 http cache @types/babel__generator@https://registry.npmjs.org/@types/babel__generator/-/babel__generator-7.27.0.tgz 0ms (cache hit)
224 http cache @types/babel__core@https://registry.npmjs.org/@types/babel__core/-/babel__core-7.20.5.tgz 0ms (cache hit)
225 http cache @remix-run/router@https://registry.npmjs.org/@remix-run/router/-/router-1.23.2.tgz 0ms (cache hit)
226 http cache @jridgewell/trace-mapping@https://registry.npmjs.org/@jridgewell/trace-mapping/-/trace-mapping-0.3.31.tgz 0ms (cache hit)
227 http cache @jridgewell/sourcemap-codec@https://registry.npmjs.org/@jridgewell/sourcemap-codec/-/sourcemap-codec-1.5.5.tgz 0ms (cache hit)
228 http cache @nodelib/fs.walk@https://registry.npmjs.org/@nodelib/fs.walk/-/fs.walk-1.2.8.tgz 0ms (cache hit)
229 http cache @jridgewell/resolve-uri@https://registry.npmjs.org/@jridgewell/resolve-uri/-/resolve-uri-3.1.2.tgz 0ms (cache hit)
230 http cache @nodelib/fs.scandir@https://registry.npmjs.org/@nodelib/fs.scandir/-/fs.scandir-2.1.5.tgz 0ms (cache hit)
231 http cache @nodelib/fs.stat@https://registry.npmjs.org/@nodelib/fs.stat/-/fs.stat-2.0.5.tgz 0ms (cache hit)
232 http cache @jridgewell/remapping@https://registry.npmjs.org/@jridgewell/remapping/-/remapping-2.3.5.tgz 0ms (cache hit)
233 http cache @esbuild/win32-x64@https://registry.npmjs.org/@esbuild/win32-x64/-/win32-x64-0.25.12.tgz 1ms (cache hit)
234 http cache @jridgewell/gen-mapping@https://registry.npmjs.org/@jridgewell/gen-mapping/-/gen-mapping-0.3.13.tgz 0ms (cache hit)
235 http cache @babel/types@https://registry.npmjs.org/@babel/types/-/types-7.29.0.tgz 0ms (cache hit)
236 http cache @babel/traverse@https://registry.npmjs.org/@babel/traverse/-/traverse-7.29.0.tgz 0ms (cache hit)
237 http cache @babel/parser@https://registry.npmjs.org/@babel/parser/-/parser-7.29.2.tgz 0ms (cache hit)
238 http cache @babel/template@https://registry.npmjs.org/@babel/template/-/template-7.28.6.tgz 0ms (cache hit)
239 http cache @babel/plugin-transform-react-jsx-source@https://registry.npmjs.org/@babel/plugin-transform-react-jsx-source/-/plugin-transform-react-jsx-source-7.27.1.tgz 0ms (cache hit)
240 http cache @babel/helpers@https://registry.npmjs.org/@babel/helpers/-/helpers-7.29.2.tgz 0ms (cache hit)
241 http cache @babel/plugin-transform-react-jsx-self@https://registry.npmjs.org/@babel/plugin-transform-react-jsx-self/-/plugin-transform-react-jsx-self-7.27.1.tgz 0ms (cache hit)
242 http cache @babel/helper-validator-identifier@https://registry.npmjs.org/@babel/helper-validator-identifier/-/helper-validator-identifier-7.28.5.tgz 0ms (cache hit)
243 http cache @babel/helper-validator-option@https://registry.npmjs.org/@babel/helper-validator-option/-/helper-validator-option-7.27.1.tgz 0ms (cache hit)
244 http cache @babel/helper-string-parser@https://registry.npmjs.org/@babel/helper-string-parser/-/helper-string-parser-7.27.1.tgz 0ms (cache hit)
245 http cache @babel/helper-plugin-utils@https://registry.npmjs.org/@babel/helper-plugin-utils/-/helper-plugin-utils-7.28.6.tgz 0ms (cache hit)
246 http cache @babel/helper-module-transforms@https://registry.npmjs.org/@babel/helper-module-transforms/-/helper-module-transforms-7.28.6.tgz 0ms (cache hit)
247 http cache @babel/helper-module-imports@https://registry.npmjs.org/@babel/helper-module-imports/-/helper-module-imports-7.28.6.tgz 0ms (cache hit)
248 http cache @babel/helper-globals@https://registry.npmjs.org/@babel/helper-globals/-/helper-globals-7.28.0.tgz 0ms (cache hit)
249 http cache @babel/generator@https://registry.npmjs.org/@babel/generator/-/generator-7.29.1.tgz 0ms (cache hit)
250 http cache @babel/core@https://registry.npmjs.org/@babel/core/-/core-7.29.0.tgz 0ms (cache hit)
251 http cache @babel/helper-compilation-targets@https://registry.npmjs.org/@babel/helper-compilation-targets/-/helper-compilation-targets-7.28.6.tgz 0ms (cache hit)
252 http cache @babel/code-frame@https://registry.npmjs.org/@babel/code-frame/-/code-frame-7.29.0.tgz 0ms (cache hit)
253 http cache @babel/compat-data@https://registry.npmjs.org/@babel/compat-data/-/compat-data-7.29.0.tgz 0ms (cache hit)
254 http cache picomatch@https://registry.npmjs.org/picomatch/-/picomatch-4.0.4.tgz 0ms (cache hit)
255 http cache fdir@https://registry.npmjs.org/fdir/-/fdir-6.5.0.tgz 0ms (cache hit)
256 http cache fdir@https://registry.npmjs.org/fdir/-/fdir-6.5.0.tgz 0ms (cache hit)
257 http cache picomatch@https://registry.npmjs.org/picomatch/-/picomatch-4.0.4.tgz 0ms (cache hit)
258 http cache @alloc/quick-lru@https://registry.npmjs.org/@alloc/quick-lru/-/quick-lru-5.2.0.tgz 0ms (cache hit)
259 http cache glob-parent@https://registry.npmjs.org/glob-parent/-/glob-parent-5.1.2.tgz 0ms (cache hit)
260 silly tarball no local data for gsap@https://registry.npmjs.org/gsap/-/gsap-3.15.0.tgz. Extracting by manifest.
261 silly tarball no local data for yallist@https://registry.npmjs.org/yallist/-/yallist-3.1.1.tgz. Extracting by manifest.
262 http cache glob-parent@https://registry.npmjs.org/glob-parent/-/glob-parent-5.1.2.tgz 0ms (cache hit)
263 silly tarball no local data for util-deprecate@https://registry.npmjs.org/util-deprecate/-/util-deprecate-1.0.2.tgz. Extracting by manifest.
264 silly tarball no local data for vite@https://registry.npmjs.org/vite/-/vite-6.4.2.tgz. Extracting by manifest.
265 silly tarball no local data for update-browserslist-db@https://registry.npmjs.org/update-browserslist-db/-/update-browserslist-db-1.2.3.tgz. Extracting by manifest.
266 silly tarball no local data for typescript@https://registry.npmjs.org/typescript/-/typescript-5.9.3.tgz. Extracting by manifest.
267 silly tarball no local data for ts-interface-checker@https://registry.npmjs.org/ts-interface-checker/-/ts-interface-checker-0.1.13.tgz. Extracting by manifest.
268 silly tarball no local data for to-regex-range@https://registry.npmjs.org/to-regex-range/-/to-regex-range-5.0.1.tgz. Extracting by manifest.
269 silly tarball no local data for tinyglobby@https://registry.npmjs.org/tinyglobby/-/tinyglobby-0.2.16.tgz. Extracting by manifest.
270 silly tarball no local data for thenify@https://registry.npmjs.org/thenify/-/thenify-3.3.1.tgz. Extracting by manifest.
271 silly tarball no local data for thenify-all@https://registry.npmjs.org/thenify-all/-/thenify-all-1.6.0.tgz. Extracting by manifest.
272 silly tarball no local data for tailwindcss@https://registry.npmjs.org/tailwindcss/-/tailwindcss-3.4.19.tgz. Extracting by manifest.
273 silly tarball no local data for sucrase@https://registry.npmjs.org/sucrase/-/sucrase-3.35.1.tgz. Extracting by manifest.
274 silly tarball no local data for supports-preserve-symlinks-flag@https://registry.npmjs.org/supports-preserve-symlinks-flag/-/supports-preserve-symlinks-flag-1.0.0.tgz. Extracting by manifest.
275 silly tarball no local data for semver@https://registry.npmjs.org/semver/-/semver-6.3.1.tgz. Extracting by manifest.
276 silly tarball no local data for scheduler@https://registry.npmjs.org/scheduler/-/scheduler-0.23.2.tgz. Extracting by manifest.
277 silly tarball no local data for rollup@https://registry.npmjs.org/rollup/-/rollup-4.60.1.tgz. Extracting by manifest.
278 silly tarball no local data for reusify@https://registry.npmjs.org/reusify/-/reusify-1.1.0.tgz. Extracting by manifest.
279 silly tarball no local data for resolve@https://registry.npmjs.org/resolve/-/resolve-1.22.12.tgz. Extracting by manifest.
280 silly tarball no local data for source-map-js@https://registry.npmjs.org/source-map-js/-/source-map-js-1.2.1.tgz. Extracting by manifest.
281 silly tarball no local data for run-parallel@https://registry.npmjs.org/run-parallel/-/run-parallel-1.2.0.tgz. Extracting by manifest.
282 silly tarball no local data for readdirp@https://registry.npmjs.org/readdirp/-/readdirp-3.6.0.tgz. Extracting by manifest.
283 silly tarball no local data for read-cache@https://registry.npmjs.org/read-cache/-/read-cache-1.0.0.tgz. Extracting by manifest.
284 silly tarball no local data for react-router-dom@https://registry.npmjs.org/react-router-dom/-/react-router-dom-6.30.3.tgz. Extracting by manifest.
285 silly tarball no local data for react-router@https://registry.npmjs.org/react-router/-/react-router-6.30.3.tgz. Extracting by manifest.
286 silly tarball no local data for react-dom@https://registry.npmjs.org/react-dom/-/react-dom-18.3.1.tgz. Extracting by manifest.
287 silly tarball no local data for react@https://registry.npmjs.org/react/-/react-18.3.1.tgz. Extracting by manifest.
288 silly tarball no local data for react-refresh@https://registry.npmjs.org/react-refresh/-/react-refresh-0.17.0.tgz. Extracting by manifest.
289 silly tarball no local data for queue-microtask@https://registry.npmjs.org/queue-microtask/-/queue-microtask-1.2.3.tgz. Extracting by manifest.
290 silly tarball no local data for postcss-value-parser@https://registry.npmjs.org/postcss-value-parser/-/postcss-value-parser-4.2.0.tgz. Extracting by manifest.
291 silly tarball no local data for postcss-nested@https://registry.npmjs.org/postcss-nested/-/postcss-nested-6.2.0.tgz. Extracting by manifest.
292 silly tarball no local data for postcss-selector-parser@https://registry.npmjs.org/postcss-selector-parser/-/postcss-selector-parser-6.1.2.tgz. Extracting by manifest.
293 silly tarball no local data for postcss-import@https://registry.npmjs.org/postcss-import/-/postcss-import-15.1.0.tgz. Extracting by manifest.
294 silly tarball no local data for postcss-load-config@https://registry.npmjs.org/postcss-load-config/-/postcss-load-config-6.0.1.tgz. Extracting by manifest.
295 silly tarball no local data for pirates@https://registry.npmjs.org/pirates/-/pirates-4.0.7.tgz. Extracting by manifest.
296 silly tarball no local data for postcss-js@https://registry.npmjs.org/postcss-js/-/postcss-js-4.1.0.tgz. Extracting by manifest.
297 silly tarball no local data for postcss@https://registry.npmjs.org/postcss/-/postcss-8.5.9.tgz. Extracting by manifest.
298 silly tarball no local data for pify@https://registry.npmjs.org/pify/-/pify-2.3.0.tgz. Extracting by manifest.
299 silly tarball no local data for picomatch@https://registry.npmjs.org/picomatch/-/picomatch-2.3.2.tgz. Extracting by manifest.
300 silly tarball no local data for picocolors@https://registry.npmjs.org/picocolors/-/picocolors-1.1.1.tgz. Extracting by manifest.
301 silly tarball no local data for object-hash@https://registry.npmjs.org/object-hash/-/object-hash-3.0.0.tgz. Extracting by manifest.
302 silly tarball no local data for path-parse@https://registry.npmjs.org/path-parse/-/path-parse-1.0.7.tgz. Extracting by manifest.
303 silly tarball no local data for object-assign@https://registry.npmjs.org/object-assign/-/object-assign-4.1.1.tgz. Extracting by manifest.
304 silly tarball no local data for normalize-path@https://registry.npmjs.org/normalize-path/-/normalize-path-3.0.0.tgz. Extracting by manifest.
305 silly tarball no local data for node-releases@https://registry.npmjs.org/node-releases/-/node-releases-2.0.37.tgz. Extracting by manifest.
306 silly tarball no local data for nanoid@https://registry.npmjs.org/nanoid/-/nanoid-3.3.11.tgz. Extracting by manifest.
307 silly tarball no local data for mz@https://registry.npmjs.org/mz/-/mz-2.7.0.tgz. Extracting by manifest.
308 silly tarball no local data for ms@https://registry.npmjs.org/ms/-/ms-2.1.3.tgz. Extracting by manifest.
309 silly tarball no local data for micromatch@https://registry.npmjs.org/micromatch/-/micromatch-4.0.8.tgz. Extracting by manifest.
310 silly tarball no local data for merge2@https://registry.npmjs.org/merge2/-/merge2-1.4.1.tgz. Extracting by manifest.
311 silly tarball no local data for lru-cache@https://registry.npmjs.org/lru-cache/-/lru-cache-5.1.1.tgz. Extracting by manifest.
312 silly tarball no local data for loose-envify@https://registry.npmjs.org/loose-envify/-/loose-envify-1.4.0.tgz. Extracting by manifest.
313 silly tarball no local data for lines-and-columns@https://registry.npmjs.org/lines-and-columns/-/lines-and-columns-1.2.4.tgz. Extracting by manifest.
314 silly tarball no local data for lilconfig@https://registry.npmjs.org/lilconfig/-/lilconfig-3.1.3.tgz. Extracting by manifest.
315 silly tarball no local data for json5@https://registry.npmjs.org/json5/-/json5-2.2.3.tgz. Extracting by manifest.
316 silly tarball no local data for jsesc@https://registry.npmjs.org/jsesc/-/jsesc-3.1.0.tgz. Extracting by manifest.
317 silly tarball no local data for js-tokens@https://registry.npmjs.org/js-tokens/-/js-tokens-4.0.0.tgz. Extracting by manifest.
318 silly tarball no local data for jiti@https://registry.npmjs.org/jiti/-/jiti-1.21.7.tgz. Extracting by manifest.
319 silly tarball no local data for is-glob@https://registry.npmjs.org/is-glob/-/is-glob-4.0.3.tgz. Extracting by manifest.
320 silly tarball no local data for is-number@https://registry.npmjs.org/is-number/-/is-number-7.0.0.tgz. Extracting by manifest.
321 silly tarball no local data for is-extglob@https://registry.npmjs.org/is-extglob/-/is-extglob-2.1.1.tgz. Extracting by manifest.
322 silly tarball no local data for is-core-module@https://registry.npmjs.org/is-core-module/-/is-core-module-2.16.1.tgz. Extracting by manifest.
323 silly tarball no local data for is-binary-path@https://registry.npmjs.org/is-binary-path/-/is-binary-path-2.1.0.tgz. Extracting by manifest.
324 silly tarball no local data for hasown@https://registry.npmjs.org/hasown/-/hasown-2.0.2.tgz. Extracting by manifest.
325 silly tarball no local data for gensync@https://registry.npmjs.org/gensync/-/gensync-1.0.0-beta.2.tgz. Extracting by manifest.
326 silly tarball no local data for glob-parent@https://registry.npmjs.org/glob-parent/-/glob-parent-6.0.2.tgz. Extracting by manifest.
327 silly tarball no local data for function-bind@https://registry.npmjs.org/function-bind/-/function-bind-1.1.2.tgz. Extracting by manifest.
328 silly tarball no local data for fraction.js@https://registry.npmjs.org/fraction.js/-/fraction.js-5.3.4.tgz. Extracting by manifest.
329 silly tarball no local data for fill-range@https://registry.npmjs.org/fill-range/-/fill-range-7.1.1.tgz. Extracting by manifest.
330 silly tarball no local data for fastq@https://registry.npmjs.org/fastq/-/fastq-1.20.1.tgz. Extracting by manifest.
331 silly tarball no local data for escalade@https://registry.npmjs.org/escalade/-/escalade-3.2.0.tgz. Extracting by manifest.
332 silly tarball no local data for fast-glob@https://registry.npmjs.org/fast-glob/-/fast-glob-3.3.3.tgz. Extracting by manifest.
333 silly tarball no local data for esbuild@https://registry.npmjs.org/esbuild/-/esbuild-0.25.12.tgz. Extracting by manifest.
334 silly tarball no local data for es-errors@https://registry.npmjs.org/es-errors/-/es-errors-1.3.0.tgz. Extracting by manifest.
335 silly tarball no local data for electron-to-chromium@https://registry.npmjs.org/electron-to-chromium/-/electron-to-chromium-1.5.335.tgz. Extracting by manifest.
336 silly tarball no local data for didyoumean@https://registry.npmjs.org/didyoumean/-/didyoumean-1.2.2.tgz. Extracting by manifest.
337 silly tarball no local data for dlv@https://registry.npmjs.org/dlv/-/dlv-1.1.3.tgz. Extracting by manifest.
338 silly tarball no local data for debug@https://registry.npmjs.org/debug/-/debug-4.4.3.tgz. Extracting by manifest.
339 silly tarball no local data for csstype@https://registry.npmjs.org/csstype/-/csstype-3.2.3.tgz. Extracting by manifest.
340 silly tarball no local data for cssesc@https://registry.npmjs.org/cssesc/-/cssesc-3.0.0.tgz. Extracting by manifest.
341 silly tarball no local data for convert-source-map@https://registry.npmjs.org/convert-source-map/-/convert-source-map-2.0.0.tgz. Extracting by manifest.
342 silly tarball no local data for commander@https://registry.npmjs.org/commander/-/commander-4.1.1.tgz. Extracting by manifest.
343 silly tarball no local data for chokidar@https://registry.npmjs.org/chokidar/-/chokidar-3.6.0.tgz. Extracting by manifest.
344 silly tarball no local data for caniuse-lite@https://registry.npmjs.org/caniuse-lite/-/caniuse-lite-1.0.30001787.tgz. Extracting by manifest.
345 silly tarball no local data for camelcase-css@https://registry.npmjs.org/camelcase-css/-/camelcase-css-2.0.1.tgz. Extracting by manifest.
346 silly tarball no local data for browserslist@https://registry.npmjs.org/browserslist/-/browserslist-4.28.2.tgz. Extracting by manifest.
347 silly tarball no local data for braces@https://registry.npmjs.org/braces/-/braces-3.0.3.tgz. Extracting by manifest.
348 silly tarball no local data for binary-extensions@https://registry.npmjs.org/binary-extensions/-/binary-extensions-2.3.0.tgz. Extracting by manifest.
349 silly tarball no local data for baseline-browser-mapping@https://registry.npmjs.org/baseline-browser-mapping/-/baseline-browser-mapping-2.10.18.tgz. Extracting by manifest.
350 silly tarball no local data for autoprefixer@https://registry.npmjs.org/autoprefixer/-/autoprefixer-10.4.27.tgz. Extracting by manifest.
351 silly tarball no local data for arg@https://registry.npmjs.org/arg/-/arg-5.0.2.tgz. Extracting by manifest.
352 silly tarball no local data for anymatch@https://registry.npmjs.org/anymatch/-/anymatch-3.1.3.tgz. Extracting by manifest.
353 silly tarball no local data for @vitejs/plugin-react@https://registry.npmjs.org/@vitejs/plugin-react/-/plugin-react-4.7.0.tgz. Extracting by manifest.
354 silly tarball no local data for any-promise@https://registry.npmjs.org/any-promise/-/any-promise-1.3.0.tgz. Extracting by manifest.
355 silly tarball no local data for @types/react-dom@https://registry.npmjs.org/@types/react-dom/-/react-dom-18.3.7.tgz. Extracting by manifest.
356 silly tarball no local data for @types/prop-types@https://registry.npmjs.org/@types/prop-types/-/prop-types-15.7.15.tgz. Extracting by manifest.
357 silly tarball no local data for @types/estree@https://registry.npmjs.org/@types/estree/-/estree-1.0.8.tgz. Extracting by manifest.
358 silly tarball no local data for @types/react@https://registry.npmjs.org/@types/react/-/react-18.3.28.tgz. Extracting by manifest.
359 silly tarball no local data for @types/babel__traverse@https://registry.npmjs.org/@types/babel__traverse/-/babel__traverse-7.28.0.tgz. Extracting by manifest.
360 silly tarball no local data for @rollup/rollup-win32-x64-msvc@https://registry.npmjs.org/@rollup/rollup-win32-x64-msvc/-/rollup-win32-x64-msvc-4.60.1.tgz. Extracting by manifest.
361 silly tarball no local data for @rollup/rollup-win32-x64-gnu@https://registry.npmjs.org/@rollup/rollup-win32-x64-gnu/-/rollup-win32-x64-gnu-4.60.1.tgz. Extracting by manifest.
362 silly tarball no local data for @rolldown/pluginutils@https://registry.npmjs.org/@rolldown/pluginutils/-/pluginutils-1.0.0-beta.27.tgz. Extracting by manifest.
363 silly tarball no local data for @types/babel__template@https://registry.npmjs.org/@types/babel__template/-/babel__template-7.4.4.tgz. Extracting by manifest.
364 silly tarball no local data for @types/babel__generator@https://registry.npmjs.org/@types/babel__generator/-/babel__generator-7.27.0.tgz. Extracting by manifest.
365 silly tarball no local data for @types/babel__core@https://registry.npmjs.org/@types/babel__core/-/babel__core-7.20.5.tgz. Extracting by manifest.
366 silly tarball no local data for @remix-run/router@https://registry.npmjs.org/@remix-run/router/-/router-1.23.2.tgz. Extracting by manifest.
367 silly tarball no local data for @jridgewell/trace-mapping@https://registry.npmjs.org/@jridgewell/trace-mapping/-/trace-mapping-0.3.31.tgz. Extracting by manifest.
368 silly tarball no local data for @jridgewell/sourcemap-codec@https://registry.npmjs.org/@jridgewell/sourcemap-codec/-/sourcemap-codec-1.5.5.tgz. Extracting by manifest.
369 silly tarball no local data for @nodelib/fs.walk@https://registry.npmjs.org/@nodelib/fs.walk/-/fs.walk-1.2.8.tgz. Extracting by manifest.
370 silly tarball no local data for @jridgewell/resolve-uri@https://registry.npmjs.org/@jridgewell/resolve-uri/-/resolve-uri-3.1.2.tgz. Extracting by manifest.
371 silly tarball no local data for @nodelib/fs.scandir@https://registry.npmjs.org/@nodelib/fs.scandir/-/fs.scandir-2.1.5.tgz. Extracting by manifest.
372 silly tarball no local data for @nodelib/fs.stat@https://registry.npmjs.org/@nodelib/fs.stat/-/fs.stat-2.0.5.tgz. Extracting by manifest.
373 silly tarball no local data for @jridgewell/remapping@https://registry.npmjs.org/@jridgewell/remapping/-/remapping-2.3.5.tgz. Extracting by manifest.
374 silly tarball no local data for @esbuild/win32-x64@https://registry.npmjs.org/@esbuild/win32-x64/-/win32-x64-0.25.12.tgz. Extracting by manifest.
375 silly tarball no local data for @jridgewell/gen-mapping@https://registry.npmjs.org/@jridgewell/gen-mapping/-/gen-mapping-0.3.13.tgz. Extracting by manifest.
376 silly tarball no local data for @babel/types@https://registry.npmjs.org/@babel/types/-/types-7.29.0.tgz. Extracting by manifest.
377 silly tarball no local data for @babel/traverse@https://registry.npmjs.org/@babel/traverse/-/traverse-7.29.0.tgz. Extracting by manifest.
378 silly tarball no local data for @babel/parser@https://registry.npmjs.org/@babel/parser/-/parser-7.29.2.tgz. Extracting by manifest.
379 silly tarball no local data for @babel/template@https://registry.npmjs.org/@babel/template/-/template-7.28.6.tgz. Extracting by manifest.
380 silly tarball no local data for @babel/plugin-transform-react-jsx-source@https://registry.npmjs.org/@babel/plugin-transform-react-jsx-source/-/plugin-transform-react-jsx-source-7.27.1.tgz. Extracting by manifest.
381 silly tarball no local data for @babel/helpers@https://registry.npmjs.org/@babel/helpers/-/helpers-7.29.2.tgz. Extracting by manifest.
382 silly tarball no local data for @babel/plugin-transform-react-jsx-self@https://registry.npmjs.org/@babel/plugin-transform-react-jsx-self/-/plugin-transform-react-jsx-self-7.27.1.tgz. Extracting by manifest.
383 silly tarball no local data for @babel/helper-validator-identifier@https://registry.npmjs.org/@babel/helper-validator-identifier/-/helper-validator-identifier-7.28.5.tgz. Extracting by manifest.
384 silly tarball no local data for @babel/helper-validator-option@https://registry.npmjs.org/@babel/helper-validator-option/-/helper-validator-option-7.27.1.tgz. Extracting by manifest.
385 silly tarball no local data for @babel/helper-string-parser@https://registry.npmjs.org/@babel/helper-string-parser/-/helper-string-parser-7.27.1.tgz. Extracting by manifest.
386 silly tarball no local data for @babel/helper-plugin-utils@https://registry.npmjs.org/@babel/helper-plugin-utils/-/helper-plugin-utils-7.28.6.tgz. Extracting by manifest.
387 silly tarball no local data for @babel/helper-module-transforms@https://registry.npmjs.org/@babel/helper-module-transforms/-/helper-module-transforms-7.28.6.tgz. Extracting by manifest.
388 silly tarball no local data for @babel/helper-module-imports@https://registry.npmjs.org/@babel/helper-module-imports/-/helper-module-imports-7.28.6.tgz. Extracting by manifest.
389 silly tarball no local data for @babel/helper-globals@https://registry.npmjs.org/@babel/helper-globals/-/helper-globals-7.28.0.tgz. Extracting by manifest.
390 silly tarball no local data for @babel/generator@https://registry.npmjs.org/@babel/generator/-/generator-7.29.1.tgz. Extracting by manifest.
391 silly tarball no local data for @babel/core@https://registry.npmjs.org/@babel/core/-/core-7.29.0.tgz. Extracting by manifest.
392 silly tarball no local data for @babel/helper-compilation-targets@https://registry.npmjs.org/@babel/helper-compilation-targets/-/helper-compilation-targets-7.28.6.tgz. Extracting by manifest.
393 silly tarball no local data for @babel/code-frame@https://registry.npmjs.org/@babel/code-frame/-/code-frame-7.29.0.tgz. Extracting by manifest.
394 silly tarball no local data for @babel/compat-data@https://registry.npmjs.org/@babel/compat-data/-/compat-data-7.29.0.tgz. Extracting by manifest.
395 silly tarball no local data for picomatch@https://registry.npmjs.org/picomatch/-/picomatch-4.0.4.tgz. Extracting by manifest.
396 silly tarball no local data for fdir@https://registry.npmjs.org/fdir/-/fdir-6.5.0.tgz. Extracting by manifest.
397 silly tarball no local data for fdir@https://registry.npmjs.org/fdir/-/fdir-6.5.0.tgz. Extracting by manifest.
398 silly tarball no local data for picomatch@https://registry.npmjs.org/picomatch/-/picomatch-4.0.4.tgz. Extracting by manifest.
399 silly tarball no local data for @alloc/quick-lru@https://registry.npmjs.org/@alloc/quick-lru/-/quick-lru-5.2.0.tgz. Extracting by manifest.
400 silly tarball no local data for glob-parent@https://registry.npmjs.org/glob-parent/-/glob-parent-5.1.2.tgz. Extracting by manifest.
401 silly tarball no local data for glob-parent@https://registry.npmjs.org/glob-parent/-/glob-parent-5.1.2.tgz. Extracting by manifest.
402 http fetch POST 200 https://registry.npmjs.org/-/npm/v1/security/advisories/bulk 110ms
403 silly audit report {
403 silly audit report   postcss: [
403 silly audit report     {
403 silly audit report       id: 1117015,
403 silly audit report       url: 'https://github.com/advisories/GHSA-qx2v-qp2m-jg93',
403 silly audit report       title: 'PostCSS has XSS via Unescaped </style> in its CSS Stringify Output',
403 silly audit report       severity: 'moderate',
403 silly audit report       vulnerable_versions: '<8.5.10',
403 silly audit report       cwe: [Array],
403 silly audit report       cvss: [Object]
403 silly audit report     }
403 silly audit report   ]
403 silly audit report }
404 silly packumentCache corgi:https://registry.npmjs.org/postcss cache-miss
405 http fetch GET 200 https://registry.npmjs.org/semver/-/semver-6.3.1.tgz 120ms (cache miss)
406 http fetch GET 200 https://registry.npmjs.org/yallist/-/yallist-3.1.1.tgz 159ms (cache miss)
407 http fetch GET 200 https://registry.npmjs.org/update-browserslist-db/-/update-browserslist-db-1.2.3.tgz 173ms (cache miss)
408 http fetch GET 200 https://registry.npmjs.org/util-deprecate/-/util-deprecate-1.0.2.tgz 175ms (cache miss)
409 http fetch GET 200 https://registry.npmjs.org/tinyglobby/-/tinyglobby-0.2.16.tgz 184ms (cache miss)
410 http fetch GET 200 https://registry.npmjs.org/to-regex-range/-/to-regex-range-5.0.1.tgz 190ms (cache miss)
411 http fetch GET 200 https://registry.npmjs.org/thenify-all/-/thenify-all-1.6.0.tgz 193ms (cache miss)
412 http fetch GET 200 https://registry.npmjs.org/thenify/-/thenify-3.3.1.tgz 194ms (cache miss)
413 http fetch GET 200 https://registry.npmjs.org/ts-interface-checker/-/ts-interface-checker-0.1.13.tgz 203ms (cache miss)
414 http fetch GET 200 https://registry.npmjs.org/supports-preserve-symlinks-flag/-/supports-preserve-symlinks-flag-1.0.0.tgz 204ms (cache miss)
415 http fetch GET 200 https://registry.npmjs.org/scheduler/-/scheduler-0.23.2.tgz 211ms (cache miss)
416 http fetch GET 200 https://registry.npmjs.org/run-parallel/-/run-parallel-1.2.0.tgz 217ms (cache miss)
417 http fetch GET 200 https://registry.npmjs.org/reusify/-/reusify-1.1.0.tgz 224ms (cache miss)
418 http fetch GET 200 https://registry.npmjs.org/read-cache/-/read-cache-1.0.0.tgz 224ms (cache miss)
419 http fetch GET 200 https://registry.npmjs.org/readdirp/-/readdirp-3.6.0.tgz 231ms (cache miss)
420 http fetch GET 200 https://registry.npmjs.org/react-refresh/-/react-refresh-0.17.0.tgz 274ms (cache miss)
421 http fetch GET 200 https://registry.npmjs.org/queue-microtask/-/queue-microtask-1.2.3.tgz 289ms (cache miss)
422 http fetch GET 200 https://registry.npmjs.org/postcss-value-parser/-/postcss-value-parser-4.2.0.tgz 300ms (cache miss)
423 http fetch GET 200 https://registry.npmjs.org/postcss-nested/-/postcss-nested-6.2.0.tgz 333ms (cache miss)
424 http fetch GET 200 https://registry.npmjs.org/react/-/react-18.3.1.tgz 353ms (cache miss)
425 http fetch GET 200 https://registry.npmjs.org/postcss-load-config/-/postcss-load-config-6.0.1.tgz 363ms (cache miss)
426 http fetch GET 200 https://registry.npmjs.org/source-map-js/-/source-map-js-1.2.1.tgz 369ms (cache miss)
427 http fetch GET 200 https://registry.npmjs.org/pirates/-/pirates-4.0.7.tgz 373ms (cache miss)
428 http fetch GET 200 https://registry.npmjs.org/postcss-js/-/postcss-js-4.1.0.tgz 389ms (cache miss)
429 http fetch GET 200 https://registry.npmjs.org/pify/-/pify-2.3.0.tgz 388ms (cache miss)
430 http fetch GET 200 https://registry.npmjs.org/picocolors/-/picocolors-1.1.1.tgz 390ms (cache miss)
431 http fetch GET 200 https://registry.npmjs.org/react-router-dom/-/react-router-dom-6.30.3.tgz 407ms (cache miss)
432 http fetch GET 200 https://registry.npmjs.org/postcss-import/-/postcss-import-15.1.0.tgz 416ms (cache miss)
433 http fetch GET 200 https://registry.npmjs.org/picomatch/-/picomatch-2.3.2.tgz 416ms (cache miss)
434 http fetch GET 200 https://registry.npmjs.org/react-router/-/react-router-6.30.3.tgz 436ms (cache miss)
435 http fetch GET 200 https://registry.npmjs.org/object-hash/-/object-hash-3.0.0.tgz 433ms (cache miss)
436 http fetch GET 200 https://registry.npmjs.org/postcss-selector-parser/-/postcss-selector-parser-6.1.2.tgz 439ms (cache miss)
437 http fetch GET 200 https://registry.npmjs.org/path-parse/-/path-parse-1.0.7.tgz 444ms (cache miss)
438 http fetch GET 200 https://registry.npmjs.org/object-assign/-/object-assign-4.1.1.tgz 445ms (cache miss)
439 http fetch GET 200 https://registry.npmjs.org/normalize-path/-/normalize-path-3.0.0.tgz 445ms (cache miss)
440 http fetch GET 200 https://registry.npmjs.org/node-releases/-/node-releases-2.0.37.tgz 453ms (cache miss)
441 http fetch GET 200 https://registry.npmjs.org/ms/-/ms-2.1.3.tgz 459ms (cache miss)
442 http fetch GET 200 https://registry.npmjs.org/merge2/-/merge2-1.4.1.tgz 464ms (cache miss)
443 http fetch GET 200 https://registry.npmjs.org/lines-and-columns/-/lines-and-columns-1.2.4.tgz 464ms (cache miss)
444 http fetch GET 200 https://registry.npmjs.org/lru-cache/-/lru-cache-5.1.1.tgz 466ms (cache miss)
445 http fetch GET 200 https://registry.npmjs.org/mz/-/mz-2.7.0.tgz 471ms (cache miss)
446 http fetch GET 200 https://registry.npmjs.org/micromatch/-/micromatch-4.0.8.tgz 472ms (cache miss)
447 http fetch GET 200 https://registry.npmjs.org/resolve/-/resolve-1.22.12.tgz 481ms (cache miss)
448 http fetch GET 200 https://registry.npmjs.org/lilconfig/-/lilconfig-3.1.3.tgz 484ms (cache miss)
449 http fetch GET 200 https://registry.npmjs.org/loose-envify/-/loose-envify-1.4.0.tgz 491ms (cache miss)
450 http fetch GET 200 https://registry.npmjs.org/js-tokens/-/js-tokens-4.0.0.tgz 489ms (cache miss)
451 http fetch GET 200 https://registry.npmjs.org/jsesc/-/jsesc-3.1.0.tgz 490ms (cache miss)
452 http fetch GET 200 https://registry.npmjs.org/rollup/-/rollup-4.60.1.tgz 507ms (cache miss)
453 http fetch GET 200 https://registry.npmjs.org/vite/-/vite-6.4.2.tgz 510ms (cache miss)
454 http fetch GET 200 https://registry.npmjs.org/nanoid/-/nanoid-3.3.11.tgz 511ms (cache miss)
455 http fetch GET 200 https://registry.npmjs.org/is-glob/-/is-glob-4.0.3.tgz 518ms (cache miss)
456 http fetch GET 200 https://registry.npmjs.org/is-extglob/-/is-extglob-2.1.1.tgz 520ms (cache miss)
457 http fetch GET 200 https://registry.npmjs.org/is-number/-/is-number-7.0.0.tgz 532ms (cache miss)
458 http fetch GET 200 https://registry.npmjs.org/postcss/-/postcss-8.5.9.tgz 541ms (cache miss)
459 http fetch GET 200 https://registry.npmjs.org/glob-parent/-/glob-parent-6.0.2.tgz 548ms (cache miss)
460 http fetch GET 200 https://registry.npmjs.org/is-core-module/-/is-core-module-2.16.1.tgz 549ms (cache miss)
461 http fetch GET 200 https://registry.npmjs.org/is-binary-path/-/is-binary-path-2.1.0.tgz 550ms (cache miss)
462 http fetch GET 200 https://registry.npmjs.org/json5/-/json5-2.2.3.tgz 553ms (cache miss)
463 http fetch GET 200 https://registry.npmjs.org/fill-range/-/fill-range-7.1.1.tgz 550ms (cache miss)
464 http fetch GET 200 https://registry.npmjs.org/gensync/-/gensync-1.0.0-beta.2.tgz 557ms (cache miss)
465 http fetch GET 200 https://registry.npmjs.org/hasown/-/hasown-2.0.2.tgz 564ms (cache miss)
466 http fetch GET 200 https://registry.npmjs.org/function-bind/-/function-bind-1.1.2.tgz 575ms (cache miss)
467 http fetch GET 200 https://registry.npmjs.org/escalade/-/escalade-3.2.0.tgz 587ms (cache miss)
468 http fetch GET 200 https://registry.npmjs.org/convert-source-map/-/convert-source-map-2.0.0.tgz 590ms (cache miss)
469 http fetch GET 200 https://registry.npmjs.org/didyoumean/-/didyoumean-1.2.2.tgz 592ms (cache miss)
470 http fetch GET 200 https://registry.npmjs.org/es-errors/-/es-errors-1.3.0.tgz 595ms (cache miss)
471 http fetch GET 200 https://registry.npmjs.org/dlv/-/dlv-1.1.3.tgz 595ms (cache miss)
472 http fetch GET 200 https://registry.npmjs.org/fastq/-/fastq-1.20.1.tgz 599ms (cache miss)
473 http fetch GET 200 https://registry.npmjs.org/debug/-/debug-4.4.3.tgz 599ms (cache miss)
474 http fetch GET 200 https://registry.npmjs.org/cssesc/-/cssesc-3.0.0.tgz 602ms (cache miss)
475 http fetch GET 200 https://registry.npmjs.org/esbuild/-/esbuild-0.25.12.tgz 605ms (cache miss)
476 http fetch GET 200 https://registry.npmjs.org/react-dom/-/react-dom-18.3.1.tgz 616ms (cache miss)
477 http fetch GET 200 https://registry.npmjs.org/camelcase-css/-/camelcase-css-2.0.1.tgz 618ms (cache miss)
478 http fetch GET 200 https://registry.npmjs.org/commander/-/commander-4.1.1.tgz 621ms (cache miss)
479 http fetch GET 200 https://registry.npmjs.org/binary-extensions/-/binary-extensions-2.3.0.tgz 621ms (cache miss)
480 http fetch GET 200 https://registry.npmjs.org/chokidar/-/chokidar-3.6.0.tgz 626ms (cache miss)
481 http fetch GET 200 https://registry.npmjs.org/braces/-/braces-3.0.3.tgz 626ms (cache miss)
482 http fetch GET 200 https://registry.npmjs.org/fraction.js/-/fraction.js-5.3.4.tgz 633ms (cache miss)
483 http fetch GET 200 https://registry.npmjs.org/electron-to-chromium/-/electron-to-chromium-1.5.335.tgz 632ms (cache miss)
484 http fetch GET 200 https://registry.npmjs.org/browserslist/-/browserslist-4.28.2.tgz 652ms (cache miss)
485 http fetch GET 200 https://registry.npmjs.org/baseline-browser-mapping/-/baseline-browser-mapping-2.10.18.tgz 660ms (cache miss)
486 http fetch GET 200 https://registry.npmjs.org/arg/-/arg-5.0.2.tgz 664ms (cache miss)
487 http fetch GET 200 https://registry.npmjs.org/anymatch/-/anymatch-3.1.3.tgz 665ms (cache miss)
488 http fetch GET 200 https://registry.npmjs.org/@types/react-dom/-/react-dom-18.3.7.tgz 665ms (cache miss)
489 http fetch GET 200 https://registry.npmjs.org/@types/prop-types/-/prop-types-15.7.15.tgz 666ms (cache miss)
490 http fetch GET 200 https://registry.npmjs.org/@types/estree/-/estree-1.0.8.tgz 667ms (cache miss)
491 http fetch GET 200 https://registry.npmjs.org/jiti/-/jiti-1.21.7.tgz 675ms (cache miss)
492 http fetch GET 200 https://registry.npmjs.org/csstype/-/csstype-3.2.3.tgz 673ms (cache miss)
493 http fetch GET 200 https://registry.npmjs.org/@vitejs/plugin-react/-/plugin-react-4.7.0.tgz 674ms (cache miss)
494 http fetch GET 200 https://registry.npmjs.org/@types/babel__template/-/babel__template-7.4.4.tgz 692ms (cache miss)
495 http fetch GET 200 https://registry.npmjs.org/@types/babel__traverse/-/babel__traverse-7.28.0.tgz 700ms (cache miss)
496 http fetch GET 200 https://registry.npmjs.org/@rolldown/pluginutils/-/pluginutils-1.0.0-beta.27.tgz 702ms (cache miss)
497 http fetch GET 200 https://registry.npmjs.org/@types/babel__generator/-/babel__generator-7.27.0.tgz 705ms (cache miss)
498 http fetch GET 200 https://registry.npmjs.org/@types/babel__core/-/babel__core-7.20.5.tgz 707ms (cache miss)
499 http fetch GET 200 https://registry.npmjs.org/any-promise/-/any-promise-1.3.0.tgz 714ms (cache miss)
500 http fetch GET 200 https://registry.npmjs.org/@types/react/-/react-18.3.28.tgz 729ms (cache miss)
501 http fetch GET 200 https://registry.npmjs.org/fast-glob/-/fast-glob-3.3.3.tgz 736ms (cache miss)
502 http fetch GET 200 https://registry.npmjs.org/sucrase/-/sucrase-3.35.1.tgz 751ms (cache miss)
503 http fetch GET 200 https://registry.npmjs.org/@nodelib/fs.walk/-/fs.walk-1.2.8.tgz 816ms (cache miss)
504 http fetch GET 200 https://registry.npmjs.org/gsap/-/gsap-3.15.0.tgz 860ms (cache miss)
505 http fetch GET 200 https://registry.npmjs.org/@babel/plugin-transform-react-jsx-source/-/plugin-transform-react-jsx-source-7.27.1.tgz 840ms (cache miss)
506 http fetch GET 200 https://registry.npmjs.org/@nodelib/fs.stat/-/fs.stat-2.0.5.tgz 855ms (cache miss)
507 http fetch GET 200 https://registry.npmjs.org/@babel/template/-/template-7.28.6.tgz 863ms (cache miss)
508 http fetch GET 200 https://registry.npmjs.org/@jridgewell/trace-mapping/-/trace-mapping-0.3.31.tgz 871ms (cache miss)
509 http fetch GET 200 https://registry.npmjs.org/@nodelib/fs.scandir/-/fs.scandir-2.1.5.tgz 873ms (cache miss)
510 http fetch GET 200 https://registry.npmjs.org/@jridgewell/sourcemap-codec/-/sourcemap-codec-1.5.5.tgz 888ms (cache miss)
511 http fetch GET 200 https://registry.npmjs.org/autoprefixer/-/autoprefixer-10.4.27.tgz 894ms (cache miss)
512 http fetch GET 200 https://registry.npmjs.org/@babel/plugin-transform-react-jsx-self/-/plugin-transform-react-jsx-self-7.27.1.tgz 887ms (cache miss)
513 http fetch GET 200 https://registry.npmjs.org/@babel/helper-string-parser/-/helper-string-parser-7.27.1.tgz 891ms (cache miss)
514 http fetch GET 200 https://registry.npmjs.org/@jridgewell/gen-mapping/-/gen-mapping-0.3.13.tgz 896ms (cache miss)
515 http fetch GET 200 https://registry.npmjs.org/@jridgewell/remapping/-/remapping-2.3.5.tgz 898ms (cache miss)
516 http fetch GET 200 https://registry.npmjs.org/@babel/helper-validator-option/-/helper-validator-option-7.27.1.tgz 895ms (cache miss)
517 http fetch GET 200 https://registry.npmjs.org/@babel/helper-plugin-utils/-/helper-plugin-utils-7.28.6.tgz 929ms (cache miss)
518 http fetch GET 200 https://registry.npmjs.org/@rollup/rollup-win32-x64-msvc/-/rollup-win32-x64-msvc-4.60.1.tgz 959ms (cache miss)
519 http fetch GET 200 https://registry.npmjs.org/@babel/helper-globals/-/helper-globals-7.28.0.tgz 955ms (cache miss)
520 http fetch GET 200 https://registry.npmjs.org/@babel/helper-module-imports/-/helper-module-imports-7.28.6.tgz 957ms (cache miss)
521 http fetch GET 200 https://registry.npmjs.org/@babel/traverse/-/traverse-7.29.0.tgz 967ms (cache miss)
522 http fetch GET 200 https://registry.npmjs.org/@rollup/rollup-win32-x64-gnu/-/rollup-win32-x64-gnu-4.60.1.tgz 977ms (cache miss)
523 http fetch GET 200 https://registry.npmjs.org/@babel/helper-module-transforms/-/helper-module-transforms-7.28.6.tgz 973ms (cache miss)
524 http fetch GET 200 https://registry.npmjs.org/@babel/parser/-/parser-7.29.2.tgz 976ms (cache miss)
525 http fetch GET 200 https://registry.npmjs.org/@babel/helper-compilation-targets/-/helper-compilation-targets-7.28.6.tgz 987ms (cache miss)
526 http fetch GET 200 https://registry.npmjs.org/@babel/helper-validator-identifier/-/helper-validator-identifier-7.28.5.tgz 1000ms (cache miss)
527 http fetch GET 200 https://registry.npmjs.org/@babel/code-frame/-/code-frame-7.29.0.tgz 1002ms (cache miss)
528 http fetch GET 200 https://registry.npmjs.org/tailwindcss/-/tailwindcss-3.4.19.tgz 1031ms (cache miss)
529 http fetch GET 200 https://registry.npmjs.org/fdir/-/fdir-6.5.0.tgz 1014ms (cache miss)
530 http fetch GET 200 https://registry.npmjs.org/fdir/-/fdir-6.5.0.tgz 1015ms (cache miss)
531 http fetch GET 200 https://registry.npmjs.org/glob-parent/-/glob-parent-5.1.2.tgz 1015ms (cache miss)
532 http fetch GET 200 https://registry.npmjs.org/picomatch/-/picomatch-4.0.4.tgz 1033ms (cache miss)
533 http fetch GET 200 https://registry.npmjs.org/glob-parent/-/glob-parent-5.1.2.tgz 1031ms (cache miss)
534 http fetch GET 200 https://registry.npmjs.org/picomatch/-/picomatch-4.0.4.tgz 1037ms (cache miss)
535 http fetch GET 200 https://registry.npmjs.org/@jridgewell/resolve-uri/-/resolve-uri-3.1.2.tgz 1045ms (cache miss)
536 http fetch GET 200 https://registry.npmjs.org/@alloc/quick-lru/-/quick-lru-5.2.0.tgz 1043ms (cache miss)
537 http fetch GET 200 https://registry.npmjs.org/postcss 1002ms (cache miss)
538 silly packumentCache corgi:https://registry.npmjs.org/postcss set size:undefined disposed:false
539 http fetch GET 200 https://registry.npmjs.org/@babel/compat-data/-/compat-data-7.29.0.tgz 1053ms (cache miss)
540 silly packumentCache corgi:https://registry.npmjs.org/autoprefixer cache-miss
541 silly packumentCache corgi:https://registry.npmjs.org/postcss-import cache-miss
542 silly packumentCache corgi:https://registry.npmjs.org/postcss-js cache-miss
543 silly packumentCache corgi:https://registry.npmjs.org/postcss-load-config cache-miss
544 silly packumentCache corgi:https://registry.npmjs.org/postcss-nested cache-miss
545 silly packumentCache corgi:https://registry.npmjs.org/tailwindcss cache-miss
546 silly packumentCache corgi:https://registry.npmjs.org/vite cache-miss
547 http fetch GET 200 https://registry.npmjs.org/@babel/generator/-/generator-7.29.1.tgz 1074ms (cache miss)
548 http fetch GET 200 https://registry.npmjs.org/postcss-js 35ms (cache miss)
549 silly packumentCache corgi:https://registry.npmjs.org/postcss-js set size:undefined disposed:false
550 http fetch GET 200 https://registry.npmjs.org/postcss-nested 54ms (cache miss)
551 silly packumentCache corgi:https://registry.npmjs.org/postcss-nested set size:undefined disposed:false
552 http fetch GET 200 https://registry.npmjs.org/postcss-load-config 71ms (cache miss)
553 silly packumentCache corgi:https://registry.npmjs.org/postcss-load-config set size:undefined disposed:false
554 http fetch GET 200 https://registry.npmjs.org/postcss-import 74ms (cache miss)
555 silly packumentCache corgi:https://registry.npmjs.org/postcss-import set size:undefined disposed:false
556 http fetch GET 200 https://registry.npmjs.org/autoprefixer 86ms (cache miss)
557 silly packumentCache corgi:https://registry.npmjs.org/autoprefixer set size:undefined disposed:false
558 http fetch GET 200 https://registry.npmjs.org/vite 147ms (cache miss)
559 silly packumentCache corgi:https://registry.npmjs.org/vite set size:undefined disposed:false
560 http fetch GET 200 https://registry.npmjs.org/@babel/core/-/core-7.29.0.tgz 1279ms (cache miss)
561 http fetch GET 200 https://registry.npmjs.org/@babel/types/-/types-7.29.0.tgz 1296ms (cache miss)
562 http fetch GET 200 https://registry.npmjs.org/@babel/helpers/-/helpers-7.29.2.tgz 1327ms (cache miss)
563 http fetch GET 200 https://registry.npmjs.org/tailwindcss 307ms (cache miss)
564 silly packumentCache corgi:https://registry.npmjs.org/tailwindcss set size:undefined disposed:false
565 http fetch GET 200 https://registry.npmjs.org/caniuse-lite/-/caniuse-lite-1.0.30001787.tgz 1762ms (cache miss)
566 http fetch GET 200 https://registry.npmjs.org/@remix-run/router/-/router-1.23.2.tgz 1775ms (cache miss)
567 http fetch GET 200 https://registry.npmjs.org/typescript/-/typescript-5.9.3.tgz 1854ms (cache miss)
568 http fetch GET 200 https://registry.npmjs.org/@esbuild/win32-x64/-/win32-x64-0.25.12.tgz 1926ms (cache miss)
569 info run esbuild@0.25.12 postinstall node_modules/esbuild node install.js
570 info run esbuild@0.25.12 postinstall { code: 'EPERM', signal: undefined }
571 warn cleanup Failed to remove some directories [
571 warn cleanup   [
571 warn cleanup     '\\\\?\\C:\\Users\\exzell\\Documents\\GitHub\\ResearchLab\\apps\\web\\node_modules\\@babel\\types',
571 warn cleanup     [Error: EPERM: operation not permitted, rmdir 'C:\Users\exzell\Documents\GitHub\ResearchLab\apps\web\node_modules\@babel\types'] {
571 warn cleanup       errno: -4048,
571 warn cleanup       code: 'EPERM',
571 warn cleanup       syscall: 'rmdir',
571 warn cleanup       path: 'C:\\Users\\exzell\\Documents\\GitHub\\ResearchLab\\apps\\web\\node_modules\\@babel\\types'
571 warn cleanup     }
571 warn cleanup   ],
571 warn cleanup   [
571 warn cleanup     '\\\\?\\C:\\Users\\exzell\\Documents\\GitHub\\ResearchLab\\apps\\web\\node_modules',
571 warn cleanup     [Error: EPERM: operation not permitted, rmdir 'C:\Users\exzell\Documents\GitHub\ResearchLab\apps\web\node_modules\sucrase\dist\types\parser\plugins'] {
571 warn cleanup       errno: -4048,
571 warn cleanup       code: 'EPERM',
571 warn cleanup       syscall: 'rmdir',
571 warn cleanup       path: 'C:\\Users\\exzell\\Documents\\GitHub\\ResearchLab\\apps\\web\\node_modules\\sucrase\\dist\\types\\parser\\plugins'
571 warn cleanup     }
571 warn cleanup   ],
571 warn cleanup   [
571 warn cleanup     '\\\\?\\C:\\Users\\exzell\\Documents\\GitHub\\ResearchLab\\apps\\web\\node_modules\\sucrase',
571 warn cleanup     [Error: EPERM: operation not permitted, rmdir 'C:\Users\exzell\Documents\GitHub\ResearchLab\apps\web\node_modules\sucrase\dist\esm'] {
571 warn cleanup       errno: -4048,
571 warn cleanup       code: 'EPERM',
571 warn cleanup       syscall: 'rmdir',
571 warn cleanup       path: 'C:\\Users\\exzell\\Documents\\GitHub\\ResearchLab\\apps\\web\\node_modules\\sucrase\\dist\\esm'
571 warn cleanup     }
571 warn cleanup   ]
571 warn cleanup ]
572 verbose stack Error: spawn EPERM
572 verbose stack     at ChildProcess.spawn (node:internal/child_process:420:11)
572 verbose stack     at spawn (node:child_process:787:9)
572 verbose stack     at promiseSpawn (C:\Program Files\nodejs\node_modules\npm\node_modules\@npmcli\promise-spawn\lib\index.js:39:16)
572 verbose stack     at spawnWithShell (C:\Program Files\nodejs\node_modules\npm\node_modules\@npmcli\promise-spawn\lib\index.js:124:10)
572 verbose stack     at promiseSpawn (C:\Program Files\nodejs\node_modules\npm\node_modules\@npmcli\promise-spawn\lib\index.js:12:12)
572 verbose stack     at runScriptPkg (C:\Program Files\nodejs\node_modules\npm\node_modules\@npmcli\run-script\lib\run-script-pkg.js:79:13)
572 verbose stack     at runScript (C:\Program Files\nodejs\node_modules\npm\node_modules\@npmcli\run-script\lib\run-script.js:9:12)
572 verbose stack     at C:\Program Files\nodejs\node_modules\npm\node_modules\@npmcli\arborist\lib\arborist\rebuild.js:329:17
572 verbose stack     at run (C:\Program Files\nodejs\node_modules\npm\node_modules\promise-call-limit\dist\commonjs\index.js:67:22)
572 verbose stack     at C:\Program Files\nodejs\node_modules\npm\node_modules\promise-call-limit\dist\commonjs\index.js:84:9
573 error code EPERM
574 error syscall spawn
575 error errno -4048
576 error Error: spawn EPERM
576 error     at ChildProcess.spawn (node:internal/child_process:420:11)
576 error     at spawn (node:child_process:787:9)
576 error     at promiseSpawn (C:\Program Files\nodejs\node_modules\npm\node_modules\@npmcli\promise-spawn\lib\index.js:39:16)
576 error     at spawnWithShell (C:\Program Files\nodejs\node_modules\npm\node_modules\@npmcli\promise-spawn\lib\index.js:124:10)
576 error     at promiseSpawn (C:\Program Files\nodejs\node_modules\npm\node_modules\@npmcli\promise-spawn\lib\index.js:12:12)
576 error     at runScriptPkg (C:\Program Files\nodejs\node_modules\npm\node_modules\@npmcli\run-script\lib\run-script-pkg.js:79:13)
576 error     at runScript (C:\Program Files\nodejs\node_modules\npm\node_modules\@npmcli\run-script\lib\run-script.js:9:12)
576 error     at C:\Program Files\nodejs\node_modules\npm\node_modules\@npmcli\arborist\lib\arborist\rebuild.js:329:17
576 error     at run (C:\Program Files\nodejs\node_modules\npm\node_modules\promise-call-limit\dist\commonjs\index.js:67:22)
576 error     at C:\Program Files\nodejs\node_modules\npm\node_modules\promise-call-limit\dist\commonjs\index.js:84:9 {
576 error   errno: -4048,
576 error   code: 'EPERM',
576 error   syscall: 'spawn'
576 error }
577 error
577 error The operation was rejected by your operating system.
577 error It's possible that the file was already in use (by a text editor or antivirus),
577 error or that you lack permissions to access it.
577 error
577 error If you believe this might be a permissions issue, please double-check the
577 error permissions of the file and its containing directories, or try running
577 error the command again as root/Administrator.
578 silly unfinished npm timer reify 1777255913158
579 silly unfinished npm timer reify:build 1777255915457
580 silly unfinished npm timer build 1777255915457
581 silly unfinished npm timer build:deps 1777255915458
582 silly unfinished npm timer build:run:postinstall 1777255915480
583 silly unfinished npm timer build:run:postinstall:node_modules/esbuild 1777255915480
584 verbose cwd C:\Users\exzell\Documents\GitHub\ResearchLab\apps\web
585 verbose os Windows_NT 10.0.26200
586 verbose node v22.21.0
587 verbose npm  v10.9.4
588 notice
588 notice New major version of npm available! 10.9.4 -> 11.13.0
588 notice Changelog: https://github.com/npm/cli/releases/tag/v11.13.0
588 notice To update run: npm install -g npm@11.13.0
588 notice  { force: true, [Symbol(proc-log.meta)]: true }
589 verbose exit -4048
590 verbose code -4048
591 error A complete log of this run can be found in: C:\Users\exzell\Documents\GitHub\ResearchLab\apps\web\.npm-cache\_logs\2026-04-27T02_11_52_839Z-debug-0.log
